 PhysXCooking_64

 Timestamp is 6429d376 (Sun Apr  2 20:11:50 2023)

 Preferred load address is 0000000180000000

 Start         Length     Name                   Class
 0001:00000000 000003c0H .text$di                CODE
 0001:000003c0 000444c0H .text$mn                CODE
 0001:00044880 00000040H .text$mn$00             CODE
 0001:000448c0 000004b0H .text$x                 CODE
 0002:00000000 00000258H .idata$5                DATA
 0002:00000258 00000038H .00cfg                  DATA
 0002:00000290 00000008H .CRT$XCA                DATA
 0002:00000298 000001e0H .CRT$XCU                DATA
 0002:00000478 00000008H .CRT$XCZ                DATA
 0002:00000480 00000008H .CRT$XIA                DATA
 0002:00000488 00000018H .CRT$XIC                DATA
 0002:000004a0 00000008H .CRT$XIZ                DATA
 0002:000004a8 00000008H .CRT$XPA                DATA
 0002:000004b0 00000010H .CRT$XPX                DATA
 0002:000004c0 00000008H .CRT$XPXA               DATA
 0002:000004c8 00000008H .CRT$XPZ                DATA
 0002:000004d0 00000008H .CRT$XTA                DATA
 0002:000004d8 00000008H .CRT$XTZ                DATA
 0002:000004e0 00000000H .gehcont$y              DATA
 0002:000004e0 00000000H .gfids$y                DATA
 0002:000004e0 0000b9a0H .rdata                  DATA
 0002:0000be80 00000000H .rdata$CastGuardVftablesA DATA
 0002:0000be80 00000000H .rdata$CastGuardVftablesC DATA
 0002:0000be80 0000043cH .rdata$r                DATA
 0002:0000c2bc 00000150H .rdata$voltmd           DATA
 0002:0000c40c 0000041cH .rdata$zzzdbg           DATA
 0002:0000c828 00000008H .rtc$IAA                DATA
 0002:0000c830 00000008H .rtc$IZZ                DATA
 0002:0000c838 00000008H .rtc$TAA                DATA
 0002:0000c840 00000008H .rtc$TZZ                DATA
 0002:0000c848 00003f98H .xdata                  DATA
 0002:000107e0 00000084H .xdata$x                DATA
 0002:00010864 00000040H .didat$2                DATA
 0002:000108a4 00000024H .didat$3                DATA
 0002:000108c8 00000188H .didat$4                DATA
 0002:00010a50 00000950H .didat$6                DATA
 0002:000113a0 00000190H .didat$7                DATA
 0002:00011530 00001d00H .edata                  DATA
 0002:00013230 00000014H .idata$2                DATA
 0002:00013244 00000014H .idata$3                DATA
 0002:00013258 00000258H .idata$4                DATA
 0002:000134b0 0000057cH .idata$6                DATA
 0003:00000000 00000a30H .data                   DATA
 0003:00000a30 000005e8H .data$r                 DATA
 0003:00001018 000000f0H .data$rs                DATA
 0003:00001108 00000188H .didat$5                DATA
 0003:00001290 000015d0H .bss                    DATA
 0004:00000000 00003444H .pdata                  DATA
 0005:00000000 0000236cH _RDATA                  DATA
 0006:00000000 000000a0H .rsrc$01                DATA
 0006:000000a0 000004b0H .rsrc$02                DATA

  Address         Publics by Value              Rva+Base               Lib:Object

 0000:00000000       __AbsoluteZero             0000000000000000     <absolute>
 0000:00000000       ___safe_se_handler_count   0000000000000000     <absolute>
 0000:00000000       ___safe_se_handler_table   0000000000000000     <absolute>
 0000:00000000       __arm64x_extra_rfe_table   0000000000000000     <absolute>
 0000:00000000       __arm64x_extra_rfe_table_size 0000000000000000     <absolute>
 0000:00000000       __arm64x_native_entrypoint 0000000000000000     <absolute>
 0000:00000000       __arm64x_redirection_metadata 0000000000000000     <absolute>
 0000:00000000       __arm64x_redirection_metadata_count 0000000000000000     <absolute>
 0000:00000000       __dynamic_value_reloc_table 0000000000000000     <absolute>
 0000:00000000       __enclave_config           0000000000000000     <absolute>
 0000:00000000       __guard_check_icall_a64n_fptr 0000000000000000     <absolute>
 0000:00000000       __guard_eh_cont_count      0000000000000000     <absolute>
 0000:00000000       __guard_eh_cont_table      0000000000000000     <absolute>
 0000:00000000       __guard_fids_count         0000000000000000     <absolute>
 0000:00000000       __guard_fids_table         0000000000000000     <absolute>
 0000:00000000       __guard_iat_count          0000000000000000     <absolute>
 0000:00000000       __guard_iat_table          0000000000000000     <absolute>
 0000:00000000       __guard_longjmp_count      0000000000000000     <absolute>
 0000:00000000       __guard_longjmp_table      0000000000000000     <absolute>
 0000:00000000       __hybrid_auxiliary_iat     0000000000000000     <absolute>
 0000:00000000       __hybrid_auxiliary_iat_copy 0000000000000000     <absolute>
 0000:00000000       __hybrid_code_map          0000000000000000     <absolute>
 0000:00000000       __hybrid_code_map_count    0000000000000000     <absolute>
 0000:00000000       __x64_code_ranges_to_entry_points 0000000000000000     <absolute>
 0000:00000000       __x64_code_ranges_to_entry_points_count 0000000000000000     <absolute>
 0000:00000100       __guard_flags              0000000000000100     <absolute>
 0000:00000000       __ImageBase                0000000180000000     <linker-defined>
 0001:000003c0       ??$?_UV?$ReflectionAllocator@VAdjTriangle@physx@@@shdfnd@physx@@@UserAllocated@shdfnd@physx@@SAPEAX_KV?$ReflectionAllocator@VAdjTriangle@physx@@@12@PEBDH@Z 00000001800013c0 f i Adjacencies.obj
 0001:00000460       ??0AdjacenciesBuilder@physx@@QEAA@XZ 0000000180001460 f   Adjacencies.obj
 0001:00000470       ??$forward@_K@std@@YA$$QEA_KAEA_K@Z 0000000180001470 f i libvcruntime:undname.obj
 0001:00000470       ??0AABBTreeBuildNode@Gu@physx@@QEAA@XZ 0000000180001470 f i BVHStructureBuilder.obj
 0001:00000470       ??0Allocator@shdfnd@physx@@QEAA@PEBD@Z 0000000180001470 f i Adjacencies.obj
 0001:00000470       ??0BigConvexData@physx@@QEAA@W4PxEMPTY@1@@Z 0000000180001470 f i BigConvexDataBuilder.obj
 0001:00000470       ??0Box@Gu@physx@@QEAA@XZ   0000000180001470 f i ConvexHullUtils.obj
 0001:00000470       ??0HeightFieldData@Gu@physx@@QEAA@W4PxEMPTY@2@@Z 0000000180001470 f i Cooking.obj
 0001:00000470       ??4Allocator@shdfnd@physx@@QEAAAEAV012@$$QEAV012@@Z 0000000180001470 f i Adjacencies.obj
 0001:00000470       ??4Allocator@shdfnd@physx@@QEAAAEAV012@AEBV012@@Z 0000000180001470 f i Adjacencies.obj
 0001:00000470       ??4MutexImpl@shdfnd@physx@@QEAAAEAV012@AEBV012@@Z 0000000180001470 f i Adjacencies.obj
 0001:00000470       ??4PxFoundation@physx@@QEAAAEAV01@AEBV01@@Z 0000000180001470 f i Adjacencies.obj
 0001:00000470       ?getAABB@AABBTreeBuildNode@Gu@physx@@QEBAAEBVPxBounds3@3@XZ 0000000180001470 f i BVHStructureBuilder.obj
 0001:00000470       ?getPaddedBounds@HeightFieldData@Gu@physx@@QEBAAEBVCenterExtentsPadded@23@XZ 0000000180001470 f i Cooking.obj
 0001:00000480       ??0PxFoundation@physx@@QEAA@AEBV01@@Z 0000000180001480 f i Adjacencies.obj
 0001:00000480       ??0PxFoundation@physx@@QEAA@XZ 0000000180001480 f i Adjacencies.obj
 0001:00000490       ??1Adjacencies@physx@@QEAA@XZ 0000000180001490 f   Adjacencies.obj
 0001:00000500       ??1AdjacenciesBuilder@physx@@QEAA@XZ 0000000180001500 f   Adjacencies.obj
 0001:00000510       ??1PxFoundation@physx@@MEAA@XZ 0000000180001510 f i Adjacencies.obj
 0001:00000520       ??_EPxFoundation@physx@@MEAAPEAXI@Z 0000000180001520 f i Adjacencies.obj
 0001:000005b0       ??1AABBTreeBuildNode@Gu@physx@@QEAA@XZ 00000001800015b0 f i BVHStructureBuilder.obj
 0001:000005b0       ??1BigConvexDataBuilder@physx@@QEAA@XZ 00000001800015b0 f i BigConvexDataBuilder.obj
 0001:000005b0       ??1Box@Gu@physx@@QEAA@XZ   00000001800015b0 f i ConvexHullUtils.obj
 0001:000005b0       ??1HeightFieldData@Gu@physx@@QEAA@XZ 00000001800015b0 f i Cooking.obj
 0001:000005b0       ??_FAllocator@shdfnd@physx@@QEAAXXZ 00000001800015b0 f i Adjacencies.obj
 0001:000005b0       ?onMeshIndexFormatChange@TriangleMeshBuilder@physx@@UEAAXXZ 00000001800015b0 f i TriangleMeshBuilder.obj
 0001:000005b0       _guard_check_icall_nop     00000001800015b0 f i LIBCMT:guard_support.obj
 0001:000006c0       ?ComputeNbBoundaryEdges@Adjacencies@physx@@QEBAIXZ 00000001800016c0 f   Adjacencies.obj
 0001:000009a0       ?GetNbHits@RadixSort@Cm@physx@@QEBAIXZ 00000001800019a0 f i Adjacencies.obj
 0001:000009b0       ?GetNbTotalCalls@RadixSort@Cm@physx@@QEBAIXZ 00000001800019b0 f i Adjacencies.obj
 0001:000009c0       ?GetRanks@RadixSort@Cm@physx@@QEBAPEBIXZ 00000001800019c0 f i Adjacencies.obj
 0001:000009c0       ?getErrorCallback@Foundation@shdfnd@physx@@UEAAAEAVPxErrorCallback@3@XZ 00000001800019c0 f i Adjacencies.obj
 0001:000009d0       ?GetRecyclable@RadixSort@Cm@physx@@QEBAPEAIXZ 00000001800019d0 f i Adjacencies.obj
 0001:000009d0       ?GetValencies@BigConvexData@physx@@QEBAPEBUValency@Gu@2@XZ 00000001800019d0 f i BigConvexDataBuilder.obj
 0001:000009d0       ?getPos@AABBTreeBuildNode@Gu@physx@@QEBAPEBV123@XZ 00000001800019d0 f i BVHStructureBuilder.obj
 0001:000009e0       ?Init@AdjacenciesBuilder@physx@@QEAA_NAEBUADJACENCIESCREATE@2@@Z 00000001800019e0 f   Adjacencies.obj
 0001:00000f20       ?getAllocator@Foundation@shdfnd@physx@@QEAAAEAVPxAllocatorCallback@3@XZ 0000000180001f20 f i Adjacencies.obj
 0001:00000f30       ?getAllocatorCallback@Foundation@shdfnd@physx@@UEAAAEAVPxAllocatorCallback@3@XZ 0000000180001f30 f i Adjacencies.obj
 0001:00000f40       ?getErrorLevel@Foundation@shdfnd@physx@@UEBA?AW4Enum@PxErrorCode@3@XZ 0000000180001f40 f i Adjacencies.obj
 0001:00000f50       ?getInternalErrorCallback@Foundation@shdfnd@physx@@QEAAAEAVPxErrorCallback@3@XZ 0000000180001f50 f i Adjacencies.obj
 0001:00000f60       ?getNamedAllocMap@Foundation@shdfnd@physx@@QEAAAEAV?$HashMap@PEBVNamedAllocator@shdfnd@physx@@PEBDU?$Hash@PEBVNamedAllocator@shdfnd@physx@@@23@VNonTrackingAllocator@23@@23@XZ 0000000180001f60 f i Adjacencies.obj
 0001:00000f70       ?getNamedAllocMutex@Foundation@shdfnd@physx@@QEAAAEAV?$MutexT@VAllocator@shdfnd@physx@@@23@XZ 0000000180001f70 f i Adjacencies.obj
 0001:00000f80       ?getReportAllocationNames@Foundation@shdfnd@physx@@UEBA_NXZ 0000000180001f80 f i Adjacencies.obj
 0001:00000f90       ?getTempAllocFreeTable@Foundation@shdfnd@physx@@QEAAAEAV?$Array@PEATTempAllocatorChunk@shdfnd@physx@@VAllocator@23@@23@XZ 0000000180001f90 f i Adjacencies.obj
 0001:00000fa0       ?getTempAllocMutex@Foundation@shdfnd@physx@@QEAAAEAV?$MutexT@VAllocator@shdfnd@physx@@@23@XZ 0000000180001fa0 f i Adjacencies.obj
 0001:00000fb0       ?invalidateRanks@RadixSort@Cm@physx@@QEAAXXZ 0000000180001fb0 f i Adjacencies.obj
 0001:00000fc0       ?setErrorLevel@Foundation@shdfnd@physx@@UEAAXW4Enum@PxErrorCode@3@@Z 0000000180001fc0 f i Adjacencies.obj
 0001:00000fd0       ?setReportAllocationNames@Foundation@shdfnd@physx@@UEAAX_N@Z 0000000180001fd0 f i Adjacencies.obj
 0001:00000fe0       ??0DebugText@Cm@physx@@QEAA@$$QEAU012@@Z 0000000180001fe0 f i Cooking.obj
 0001:00000fe0       ??0DebugText@Cm@physx@@QEAA@AEBU012@@Z 0000000180001fe0 f i Cooking.obj
 0001:000010c0       ??0HeightFieldData@Gu@physx@@QEAA@$$QEAU012@@Z 00000001800020c0 f i Cooking.obj
 0001:000010c0       ??0HeightFieldData@Gu@physx@@QEAA@AEBU012@@Z 00000001800020c0 f i Cooking.obj
 0001:000010c0       ??4HeightFieldData@Gu@physx@@QEAAAEAU012@$$QEAU012@@Z 00000001800020c0 f i Cooking.obj
 0001:000010c0       ??4HeightFieldData@Gu@physx@@QEAAAEAU012@AEBU012@@Z 00000001800020c0 f i Cooking.obj
 0001:00001120       ??0HeightFieldData@Gu@physx@@QEAA@XZ 0000000180002120 f i Cooking.obj
 0001:00001130       ??0RenderOutput@Cm@physx@@QEAA@AEAVRenderBuffer@12@@Z 0000000180002130 f i Cooking.obj
 0001:00001180       ??0RenderOutput@Cm@physx@@QEAA@AEBV012@@Z 0000000180002180 f i Cooking.obj
 0001:00001220       ??1PxConvexMesh@physx@@MEAA@XZ 0000000180002220 f i Cooking.obj
 0001:00001220       ??1PxHeightField@physx@@MEAA@XZ 0000000180002220 f i Cooking.obj
 0001:00001230       ??4DebugText@Cm@physx@@QEAAAEAU012@$$QEAU012@@Z 0000000180002230 f i Cooking.obj
 0001:00001230       ??4DebugText@Cm@physx@@QEAAAEAU012@AEBU012@@Z 0000000180002230 f i Cooking.obj
 0001:00001360       ??4FPUGuard@shdfnd@physx@@QEAAAEAV012@AEBV012@@Z 0000000180002360 f i Cooking.obj
 0001:00001380       ??_ECooking@physx@@UEAAPEAXI@Z 0000000180002380 f i Cooking.obj
 0001:00001380       ??_GCooking@physx@@UEAAPEAXI@Z 0000000180002380 f i Cooking.obj
 0001:000013d0       ??_EPxBase@physx@@MEAAPEAXI@Z 00000001800023d0 f i Cooking.obj
 0001:000013d0       ??_GPxBase@physx@@MEAAPEAXI@Z 00000001800023d0 f i Cooking.obj
 0001:00001400       ??_EPxCooking@physx@@MEAAPEAXI@Z 0000000180002400 f i Cooking.obj
 0001:00001400       ??_GPxCooking@physx@@MEAAPEAXI@Z 0000000180002400 f i Cooking.obj
 0001:00001430       ?allocate@?$Array@UPxDebugLine@physx@@V?$ReflectionAllocator@UPxDebugLine@physx@@@shdfnd@2@@shdfnd@physx@@IEAAPEAUPxDebugLine@3@I@Z 0000000180002430 f i Cooking.obj
 0001:000014d0       ?computeHullPolygons@Cooking@physx@@UEBA_NAEBVPxSimpleTriangleMesh@2@AEAVPxAllocatorCallback@2@AEAIAEAPEAVPxVec3@2@2AEAPEAI2AEAPEAUPxHullPolygon@2@@Z 00000001800024d0 f   Cooking.obj
 0001:000016b0       ?cookBVHStructure@Cooking@physx@@UEBA_NAEBVPxBVHStructureDesc@2@AEAVPxOutputStream@2@@Z 00000001800026b0 f   Cooking.obj
 0001:00001760       ?cookConvexMesh@Cooking@physx@@UEBA_NAEBVPxConvexMeshDesc@2@AEAVPxOutputStream@2@PEAW4Enum@PxConvexMeshCookingResult@2@@Z 0000000180002760 f   Cooking.obj
 0001:00001940       ?cookConvexMeshInternal@Cooking@physx@@AEBA_NAEBVPxConvexMeshDesc@2@AEAVConvexMeshBuilder@2@PEAVConvexHullLib@2@PEAW4Enum@PxConvexMeshCookingResult@2@@Z 0000000180002940 f   Cooking.obj
 0001:00001bb0       ?cookHeightField@Cooking@physx@@UEBA_NAEBVPxHeightFieldDesc@2@AEAVPxOutputStream@2@@Z 0000000180002bb0 f   Cooking.obj
 0001:00001c80       ?cookTriangleMesh@Cooking@physx@@UEBA_NAEBVPxTriangleMeshDesc@2@AEAVPxOutputStream@2@PEAW4Enum@PxTriangleMeshCookingResult@2@@Z 0000000180002c80 f   Cooking.obj
 0001:00001dc0       ?copy@?$Array@UPxDebugLine@physx@@V?$ReflectionAllocator@UPxDebugLine@physx@@@shdfnd@2@@shdfnd@physx@@KAXPEAUPxDebugLine@3@0PEBU43@@Z 0000000180002dc0 f i Cooking.obj
 0001:00001f70       ?createBVHStructure@Cooking@physx@@UEBAPEAVPxBVHStructure@2@AEBVPxBVHStructureDesc@2@AEAVPxPhysicsInsertionCallback@2@@Z 0000000180002f70 f   Cooking.obj
 0001:00002020       ?createConvexMesh@Cooking@physx@@UEBAPEAVPxConvexMesh@2@AEBVPxConvexMeshDesc@2@AEAVPxPhysicsInsertionCallback@2@PEAW4Enum@PxConvexMeshCookingResult@2@@Z 0000000180003020 f   Cooking.obj
 0001:00002220       ?createHeightField@Cooking@physx@@UEBAPEAVPxHeightField@2@AEBVPxHeightFieldDesc@2@AEAVPxPhysicsInsertionCallback@2@@Z 0000000180003220 f   Cooking.obj
 0001:00002380       ?createTriangleMesh@Cooking@physx@@UEBAPEAVPxTriangleMesh@2@AEBVPxTriangleMeshDesc@2@AEAVPxPhysicsInsertionCallback@2@PEAW4Enum@PxTriangleMeshCookingResult@2@@Z 0000000180003380 f   Cooking.obj
 0001:000024d0       ?getConcreteTypeName@PxConvexMesh@physx@@UEBAPEBDXZ 00000001800034d0 f i Cooking.obj
 0001:000024e0       ?getConcreteTypeName@PxHeightField@physx@@UEBAPEBDXZ 00000001800034e0 f i Cooking.obj
 0001:000024f0       ?getConvexEdgeThreshold@HeightField@Gu@physx@@UEBAMXZ 00000001800034f0 f i Cooking.obj
 0001:00002500       ?getFlags@HeightField@Gu@physx@@UEBA?AV?$PxFlags@W4Enum@PxHeightFieldFlag@physx@@G@3@XZ 0000000180003500 f i Cooking.obj
 0001:00002510       ?getFormat@HeightField@Gu@physx@@UEBA?AW4Enum@PxHeightFieldFormat@3@XZ 0000000180003510 f i Cooking.obj
 0001:00002520       ?getHeight@HeightField@Gu@physx@@UEBAMMM@Z 0000000180003520 f i Cooking.obj
 0001:00002560       ?getHeightInternal2@HeightField@Gu@physx@@QEBAMIMM@Z 0000000180003560 f i Cooking.obj
 0001:000026d0       ?getIndexBuffer@ConvexMesh@Gu@physx@@UEBAPEBEXZ 00000001800036d0 f i Cooking.obj
 0001:00002710       ?getNbColumns@HeightField@Gu@physx@@UEBAIXZ 0000000180003710 f i Cooking.obj
 0001:00002720       ?getNbPolygons@ConvexMesh@Gu@physx@@UEBAIXZ 0000000180003720 f i Cooking.obj
 0001:00002730       ?getNbRows@HeightField@Gu@physx@@UEBAIXZ 0000000180003730 f i Cooking.obj
 0001:00002740       ?getNbVertices@ConvexMesh@Gu@physx@@UEBAIXZ 0000000180003740 f i Cooking.obj
 0001:00002750       ?getDenormalizeScale@QuantizerImpl@@UEBAAEBVPxVec3@physx@@XZ 0000000180003750 f   Quantizer.obj
 0001:00002750       ?getParams@Cooking@physx@@UEBAAEBUPxCookingParams@2@XZ 0000000180003750 f   Cooking.obj
 0001:00002760       ?getSample@HeightField@Gu@physx@@UEBAAEBUPxHeightFieldSample@3@II@Z 0000000180003760 f i Cooking.obj
 0001:00002770       ?getSampleStride@HeightField@Gu@physx@@UEBAIXZ 0000000180003770 f i Cooking.obj
 0001:00002780       ?getTimestamp@HeightField@Gu@physx@@UEBAIXZ 0000000180003780 f i Cooking.obj
 0001:00002790       ?getTriangleMaterialIndex@HeightField@Gu@physx@@UEBAGI@Z 0000000180003790 f i Cooking.obj
 0001:000027c0       ?getTriangleNormal@HeightField@Gu@physx@@UEBA?AVPxVec3@3@I@Z 00000001800037c0 f i Cooking.obj
 0001:000027e0       ?getTriangleNormalInternal@HeightField@Gu@physx@@QEBA?AVPxVec3@3@I@Z 00000001800037e0 f i Cooking.obj
 0001:00002930       ?getVertices@ConvexMesh@Gu@physx@@UEBAPEBVPxVec3@3@XZ 0000000180003930 f i Cooking.obj
 0001:00002950       ?isKindOf@PxBase@physx@@MEBA_NPEBD@Z 0000000180003950 f i Cooking.obj
 0001:00002980       ?isKindOf@PxConvexMesh@physx@@MEBA_NPEBD@Z 0000000180003980 f i Cooking.obj
 0001:000029d0       ?isKindOf@PxHeightField@physx@@MEBA_NPEBD@Z 00000001800039d0 f i Cooking.obj
 0001:00002a20       ?isReleasable@PxBase@physx@@UEBA_NXZ 0000000180003a20 f i Cooking.obj
 0001:00002a30       ?outputSegment@RenderOutput@Cm@physx@@QEAAXAEBVPxVec3@3@0@Z 0000000180003a30 f i Cooking.obj
 0001:00002af0       ?platformMismatch@Cooking@physx@@UEBA_NXZ 0000000180003af0 f   Cooking.obj
 0001:00002b00       ?preExportDataReset@ConvexMesh@Gu@physx@@QEAAXXZ 0000000180003b00 f i Cooking.obj
 0001:00002b00       ?preExportDataReset@HeightField@Gu@physx@@QEAAXXZ 0000000180003b00 f i Cooking.obj
 0001:00002b10       ?recreate@?$Array@UPxDebugLine@physx@@V?$ReflectionAllocator@UPxDebugLine@physx@@@shdfnd@2@@shdfnd@physx@@IEAAXI@Z 0000000180003b10 f i Cooking.obj
 0001:00002ba0       ?release@Cooking@physx@@UEAAXXZ 0000000180003ba0 f   Cooking.obj
 0001:00002bc0       ?reserveSegments@RenderOutput@Cm@physx@@QEAAPEAUPxDebugLine@3@I@Z 0000000180003bc0 f i Cooking.obj
 0001:00002c20       ?setParams@Cooking@physx@@UEAAXAEBUPxCookingParams@2@@Z 0000000180003c20 f   Cooking.obj
 0001:00002c80       ?validateConvexMesh@Cooking@physx@@UEBA_NAEBVPxConvexMeshDesc@2@@Z 0000000180003c80 f   Cooking.obj
 0001:00002ce0       ?validateTriangleMesh@Cooking@physx@@UEBA_NAEBVPxTriangleMeshDesc@2@@Z 0000000180003ce0 f   Cooking.obj
 0001:00002df0       PxCreateCooking            0000000180003df0 f   Cooking.obj
 0001:00002ee0       ??0ReducedVertexCloud@physx@@QEAA@PEBVPxVec3@1@I@Z 0000000180003ee0 f   CookingUtils.obj
 0001:00002f00       ??1ReducedVertexCloud@physx@@QEAA@XZ 0000000180003f00 f   CookingUtils.obj
 0001:00002f10       ?Clean@ReducedVertexCloud@physx@@QEAAAEAV12@XZ 0000000180003f10 f   CookingUtils.obj
 0001:00002f80       ?Reduce@ReducedVertexCloud@physx@@QEAA_NPEAUREDUCEDCLOUD@2@@Z 0000000180003f80 f   CookingUtils.obj
 0001:000032c0       ??$?_UI@@YAPEAX_KV?$ReflectionAllocator@I@shdfnd@physx@@PEBDH@Z 00000001800042c0 f i EdgeList.obj
 0001:00003360       ??0EdgeListBuilder@Gu@physx@@QEAA@XZ 0000000180004360 f   EdgeList.obj
 0001:00003380       ??1EdgeList@Gu@physx@@QEAA@XZ 0000000180004380 f   EdgeList.obj
 0001:00003420       ??1EdgeListBuilder@Gu@physx@@QEAA@XZ 0000000180004420 f   EdgeList.obj
 0001:00003430       ?computeActiveEdges@EdgeListBuilder@Gu@physx@@AEAA_NIPEBIPEBGPEBVPxVec3@3@M@Z 0000000180004430 f   EdgeList.obj
 0001:00004a40       ?createEdgesToFaces@EdgeListBuilder@Gu@physx@@AEAA_NIPEBIPEBG@Z 0000000180005a40 f   EdgeList.obj
 0001:00004ca0       ?createFacesToEdges@EdgeListBuilder@Gu@physx@@AEAA_NIPEBIPEBG@Z 0000000180005ca0 f   EdgeList.obj
 0001:000050e0       ?init@EdgeListBuilder@Gu@physx@@QEAA_NAEBUEDGELISTCREATE@23@@Z 00000001800060e0 f   EdgeList.obj
 0001:00005200       ??0MeshCleaner@physx@@QEAA@IPEBVPxVec3@1@IPEBIM@Z 0000000180006200 f   MeshCleaner.obj
 0001:00005b70       ??1MeshCleaner@physx@@QEAA@XZ 0000000180006b70 f   MeshCleaner.obj
 0001:00005c00       ??$kmeans_cluster@VPxVec3@physx@@M@@YAIPEBVPxVec3@physx@@IIPEAV01@PEAIMM@Z 0000000180006c00 f i Quantizer.obj
 0001:000065c0       ??_EQuantizer@physx@@MEAAPEAXI@Z 00000001800075c0 f i Quantizer.obj
 0001:000065c0       ??_GQuantizer@physx@@MEAAPEAXI@Z 00000001800075c0 f i Quantizer.obj
 0001:000065f0       ??_EQuantizerImpl@@EEAAPEAXI@Z 00000001800075f0 f i Quantizer.obj
 0001:000065f0       ??_GQuantizerImpl@@EEAAPEAXI@Z 00000001800075f0 f i Quantizer.obj
 0001:000066c0       ?createQuantizer@physx@@YAPEAVQuantizer@1@XZ 00000001800076c0 f   Quantizer.obj
 0001:00006770       ?getDenormalizeCenter@QuantizerImpl@@UEBAAEBVPxVec3@physx@@XZ 0000000180007770 f i Quantizer.obj
 0001:00006780       ?growAndPushBack@?$Array@VPxVec3@physx@@V?$ReflectionAllocator@VPxVec3@physx@@@shdfnd@2@@shdfnd@physx@@IEAAAEAVPxVec3@3@AEBV43@@Z 0000000180007780 f i Quantizer.obj
 0001:00006960       ?kmeansQuantize3D@QuantizerImpl@@UEAAPEBVPxVec3@physx@@IPEBV23@I_NIAEAI@Z 0000000180007960 f i Quantizer.obj
 0001:00006bc0       ?normalizeInput@QuantizerImpl@@AEAAXIPEBVPxVec3@physx@@I@Z 0000000180007bc0 f i Quantizer.obj
 0001:00007010       ?release@QuantizerImpl@@UEAAXXZ 0000000180008010 f i Quantizer.obj
 0001:00007030       ??$copy@V?$ReflectionAllocator@USlab@NodeAllocator@Gu@physx@@@shdfnd@physx@@@?$Array@USlab@NodeAllocator@Gu@physx@@V?$ReflectionAllocator@USlab@NodeAllocator@Gu@physx@@@shdfnd@4@@shdfnd@physx@@IEAAXAEBV012@@Z 0000000180008030 f i BVHStructureBuilder.obj
 0001:000070b0       ??0AABBTreeBuildNode@Gu@physx@@QEAA@AEBV012@@Z 00000001800080b0 f i BVHStructureBuilder.obj
 0001:000070b0       ??4AABBTreeBuildNode@Gu@physx@@QEAAAEAV012@AEBV012@@Z 00000001800080b0 f i BVHStructureBuilder.obj
 0001:000070f0       ??0AABBTreeBuildParams@Gu@physx@@QEAA@IIPEBVPxBounds3@2@@Z 00000001800080f0 f i BVHStructureBuilder.obj
 0001:00007110       ??0BVHStructureBuilder@physx@@QEAA@XZ 0000000180008110 f   BVHStructureBuilder.obj
 0001:00007130       ??0BuildStats@Gu@physx@@QEAA@XZ 0000000180008130 f i BVHStructureBuilder.obj
 0001:00007140       ??0NodeAllocator@Gu@physx@@QEAA@AEBV012@@Z 0000000180008140 f i BVHStructureBuilder.obj
 0001:00007180       ??1AABBTreeBuildParams@Gu@physx@@QEAA@XZ 0000000180008180 f i BVHStructureBuilder.obj
 0001:00007180       ?reset@AABBTreeBuildParams@Gu@physx@@QEAAXXZ 0000000180008180 f i BVHStructureBuilder.obj
 0001:000071e0       ??1BVHStructureBuilder@physx@@QEAA@XZ 00000001800081e0 f   BVHStructureBuilder.obj
 0001:00007260       ??4AABBTreeBuildParams@Gu@physx@@QEAAAEAV012@AEBV012@@Z 0000000180008260 f i BVHStructureBuilder.obj
 0001:00007280       ??4BuildStats@Gu@physx@@QEAAAEAU012@$$QEAU012@@Z 0000000180008280 f i BVHStructureBuilder.obj
 0001:00007290       ??4BuildStats@Gu@physx@@QEAAAEAU012@AEBU012@@Z 0000000180008290 f i BVHStructureBuilder.obj
 0001:000072a0       ??4NodeAllocator@Gu@physx@@QEAAAEAV012@AEBV012@@Z 00000001800082a0 f i BVHStructureBuilder.obj
 0001:00007350       ??_FAABBTreeBuildParams@Gu@physx@@QEAAXXZ 0000000180008350 f i BVHStructureBuilder.obj
 0001:00007370       ??_V@YAXPEAX_K@Z           0000000180008370 f i LIBCMT:delete_array_size.obj
 0001:00007370       ?__global_delete@@YAXPEAX_K@Z 0000000180008370 f i BVHStructureBuilder.obj
 0001:00007380       ?allocate@?$Array@USlab@NodeAllocator@Gu@physx@@V?$ReflectionAllocator@USlab@NodeAllocator@Gu@physx@@@shdfnd@4@@shdfnd@physx@@IEAAPEAUSlab@NodeAllocator@Gu@3@I@Z 0000000180008380 f i BVHStructureBuilder.obj
 0001:00007420       ?flatten@@YAXAEBVNodeAllocator@Gu@physx@@PEAUBVHNode@23@@Z 0000000180008420 f   BVHStructureBuilder.obj
 0001:000075f0       ?getCount@BuildStats@Gu@physx@@QEBAIXZ 00000001800085f0 f i BVHStructureBuilder.obj
 0001:00007600       ?getNbPrimitives@AABBTreeBuildNode@Gu@physx@@QEBAIXZ 0000000180008600 f i BVHStructureBuilder.obj
 0001:00007600       ?getNbRuntimePrimitives@AABBTreeBuildNode@Gu@physx@@QEBAIXZ 0000000180008600 f i BVHStructureBuilder.obj
 0001:00007610       ?getNeg@AABBTreeBuildNode@Gu@physx@@QEBAPEBV123@XZ 0000000180008610 f i BVHStructureBuilder.obj
 0001:00007630       ?getPrimitives@AABBTreeBuildNode@Gu@physx@@QEAAPEAIPEAI@Z 0000000180008630 f i BVHStructureBuilder.obj
 0001:00007630       ?getPrimitives@AABBTreeBuildNode@Gu@physx@@QEBAPEBIPEBI@Z 0000000180008630 f i BVHStructureBuilder.obj
 0001:00007640       ?increaseCount@BuildStats@Gu@physx@@QEAAXI@Z 0000000180008640 f i BVHStructureBuilder.obj
 0001:00007650       ?isLeaf@AABBTreeBuildNode@Gu@physx@@QEBA_NXZ 0000000180008650 f i BVHStructureBuilder.obj
 0001:00007660       ?loadFromDesc@BVHStructureBuilder@physx@@QEAA_NAEBVPxBVHStructureDesc@2@@Z 0000000180008660 f   BVHStructureBuilder.obj
 0001:00007970       ?moveData@BVHStructureBuilder@physx@@QEAAXAEAUBVHStructureData@Gu@2@@Z 0000000180008970 f   BVHStructureBuilder.obj
 0001:000079b0       ?recreate@?$Array@USlab@NodeAllocator@Gu@physx@@V?$ReflectionAllocator@USlab@NodeAllocator@Gu@physx@@@shdfnd@4@@shdfnd@physx@@IEAAXI@Z 00000001800089b0 f i BVHStructureBuilder.obj
 0001:00007a60       ?reset@BuildStats@Gu@physx@@QEAAXXZ 0000000180008a60 f i BVHStructureBuilder.obj
 0001:00007a70       ?save@BVHStructureBuilder@physx@@QEBA_NAEAVPxOutputStream@2@_N@Z 0000000180008a70 f   BVHStructureBuilder.obj
 0001:00007bf0       ?setCount@BuildStats@Gu@physx@@QEAAXI@Z 0000000180008bf0 f i BVHStructureBuilder.obj
 0001:00007c00       ?setNbRunTimePrimitives@AABBTreeBuildNode@Gu@physx@@QEAAXI@Z 0000000180008c00 f i BVHStructureBuilder.obj
 0001:00007c10       ?saveHeightField@physx@@YA_NAEBVHeightField@Gu@1@AEAVPxOutputStream@1@_N@Z 0000000180008c10 f   HeightFieldCooking.obj
 0001:00007e50       ??$quickSelectFirstK@UBoundsLTE@physx@@@quickSelect@physx@@YAXPEIAIIIIAEBUBoundsLTE@1@@Z 0000000180008e50 f i RTreeCooking.obj
 0001:00008030       ??$smallSort@I$$CBUSortBoundsPredicate@physx@@@internal@shdfnd@physx@@YAXPEAIHHAEBUSortBoundsPredicate@2@@Z 0000000180009030 f i RTreeCooking.obj
 0001:000082d0       ??$sort@IU?$Less@I@shdfnd@physx@@V?$ReflectionAllocator@I@23@@shdfnd@physx@@YAXPEAIIAEBU?$Less@I@01@AEBV?$ReflectionAllocator@I@01@I@Z 00000001800092d0 f i RTreeCooking.obj
 0001:00008710       ??$sort@IUSortBoundsPredicate@physx@@V?$ReflectionAllocator@I@shdfnd@2@@shdfnd@physx@@YAXPEAIIAEBUSortBoundsPredicate@1@AEBV?$ReflectionAllocator@I@01@I@Z 0000000180009710 f i RTreeCooking.obj
 0001:00008bc0       ?allocate@?$Array@UInterval@physx@@V?$InlineAllocator@$0CAAA@V?$ReflectionAllocator@UInterval@physx@@@shdfnd@physx@@@shdfnd@2@@shdfnd@physx@@IEAAPEAUInterval@3@I@Z 0000000180009bc0 f i RTreeCooking.obj
 0001:00008c80       ?allocate@?$Array@UPxBounds3V@physx@@V?$ReflectionAllocator@UPxBounds3V@physx@@@shdfnd@2@@shdfnd@physx@@IEAAPEAUPxBounds3V@3@I@Z 0000000180009c80 f i RTreeCooking.obj
 0001:00008d20       ?allocate@?$Array@URTreeNodeNQ@physx@@V?$ReflectionAllocator@URTreeNodeNQ@physx@@@shdfnd@2@@shdfnd@physx@@IEAAPEAURTreeNodeNQ@3@I@Z 0000000180009d20 f i RTreeCooking.obj
 0001:00008dc0       ?allocate@?$Array@URTreeNodeQ@Gu@physx@@V?$ReflectionAllocator@URTreeNodeQ@Gu@physx@@@shdfnd@3@@shdfnd@physx@@IEAAPEAURTreeNodeQ@Gu@3@I@Z 0000000180009dc0 f i RTreeCooking.obj
 0001:00008e60       ?allocate@?$Array@VPxVec3@physx@@V?$ReflectionAllocator@VPxVec3@physx@@@shdfnd@2@@shdfnd@physx@@IEAAPEAVPxVec3@3@I@Z 0000000180009e60 f i RTreeCooking.obj
 0001:00008f00       ?allocate@?$ReflectionAllocator@I@shdfnd@physx@@QEAAPEAX_KPEBDH@Z 0000000180009f00 f i RTreeCooking.obj
 0001:00009c00       ?buildFromTriangles@RTreeCooker@physx@@SAXAEAURTree@Gu@2@PEBVPxVec3@2@IPEBGPEBIIAEAV?$Array@IV?$ReflectionAllocator@I@shdfnd@physx@@@shdfnd@2@PEAURemapCallback@12@MW4Enum@PxMeshCookingHint@2@@Z 000000018000ac00 f   RTreeCooking.obj
 0001:00009ec0       ?copy@?$Array@URTreeNodeNQ@physx@@V?$ReflectionAllocator@URTreeNodeNQ@physx@@@shdfnd@2@@shdfnd@physx@@KAXPEAURTreeNodeNQ@3@0PEBU43@@Z 000000018000aec0 f i RTreeCooking.obj
 0001:0000a080       ?copy@?$Array@VPxVec3@physx@@V?$ReflectionAllocator@VPxVec3@physx@@@shdfnd@2@@shdfnd@physx@@KAXPEAVPxVec3@3@0PEBV43@@Z 000000018000b080 f i RTreeCooking.obj
 0001:0000a150       ?growAndPushBack@?$Array@IV?$ReflectionAllocator@I@shdfnd@physx@@@shdfnd@physx@@IEAAAEAIAEBI@Z 000000018000b150 f i RTreeCooking.obj
 0001:0000a220       ?growAndPushBack@?$Array@UInterval@physx@@V?$InlineAllocator@$0CAAA@V?$ReflectionAllocator@UInterval@physx@@@shdfnd@physx@@@shdfnd@2@@shdfnd@physx@@IEAAAEAUInterval@3@AEBU43@@Z 000000018000b220 f i RTreeCooking.obj
 0001:0000a300       ?growAndPushBack@?$Array@UPxBounds3V@physx@@V?$ReflectionAllocator@UPxBounds3V@physx@@@shdfnd@2@@shdfnd@physx@@IEAAAEAUPxBounds3V@3@AEBU43@@Z 000000018000b300 f i RTreeCooking.obj
 0001:0000a3d0       ?growAndPushBack@?$Array@URTreeNodeNQ@physx@@V?$ReflectionAllocator@URTreeNodeNQ@physx@@@shdfnd@2@@shdfnd@physx@@IEAAAEAURTreeNodeNQ@3@AEBU43@@Z 000000018000b3d0 f i RTreeCooking.obj
 0001:0000a4a0       ?growAndPushBack@?$Array@URTreeNodeQ@Gu@physx@@V?$ReflectionAllocator@URTreeNodeQ@Gu@physx@@@shdfnd@3@@shdfnd@physx@@IEAAAEAURTreeNodeQ@Gu@3@AEBU453@@Z 000000018000b4a0 f i RTreeCooking.obj
 0001:0000a580       ?recreate@?$Array@IV?$ReflectionAllocator@I@shdfnd@physx@@@shdfnd@physx@@IEAAXI@Z 000000018000b580 f i RTreeCooking.obj
 0001:0000a640       ?recreate@?$Array@UPxBounds3V@physx@@V?$ReflectionAllocator@UPxBounds3V@physx@@@shdfnd@2@@shdfnd@physx@@IEAAXI@Z 000000018000b640 f i RTreeCooking.obj
 0001:0000a6f0       ?recreate@?$Array@URTreeNodeNQ@physx@@V?$ReflectionAllocator@URTreeNodeNQ@physx@@@shdfnd@2@@shdfnd@physx@@IEAAXI@Z 000000018000b6f0 f i RTreeCooking.obj
 0001:0000a780       ?recreate@?$Array@URTreeNodeQ@Gu@physx@@V?$ReflectionAllocator@URTreeNodeQ@Gu@physx@@@shdfnd@3@@shdfnd@physx@@IEAAXI@Z 000000018000b780 f i RTreeCooking.obj
 0001:0000a840       ?recreate@?$Array@VPxVec3@physx@@V?$ReflectionAllocator@VPxVec3@physx@@@shdfnd@2@@shdfnd@physx@@IEAAXI@Z 000000018000b840 f i RTreeCooking.obj
 0001:0000a8d0       ?resize@?$Array@IV?$ReflectionAllocator@I@shdfnd@physx@@@shdfnd@physx@@QEAAXIAEBI@Z 000000018000b8d0 f i RTreeCooking.obj
 0001:0000a990       ?resizeUninitialized@?$Array@URTreeNodeNQ@physx@@V?$ReflectionAllocator@URTreeNodeNQ@physx@@@shdfnd@2@@shdfnd@physx@@QEAAXI@Z 000000018000b990 f i RTreeCooking.obj
 0001:0000a9d0       ?sort4@SubSortQuick@physx@@QEAAXPEIAIIAEAV?$Array@URTreeNodeNQ@physx@@V?$ReflectionAllocator@URTreeNodeNQ@physx@@@shdfnd@2@@shdfnd@2@AEAIAEAUPxBounds3V@2@I@Z 000000018000b9d0 f i RTreeCooking.obj
 0001:0000ad60       ?sort4@SubSortSAH@physx@@QEAAXPEAIIAEAV?$Array@URTreeNodeNQ@physx@@V?$ReflectionAllocator@URTreeNodeNQ@physx@@@shdfnd@2@@shdfnd@2@AEAIIPEAURTreeNodeNQ@2@@Z 000000018000bd60 f i RTreeCooking.obj
 0001:0000b5d0       ?split@SubSortSAH@physx@@QEAAIPEAII@Z 000000018000c5d0 f i RTreeCooking.obj
 0001:0000c050       ?computeLocalBounds@MeshBulider@physx@@IEAAXAEAVMeshDataBase@Gu@2@@Z 000000018000d050 f   MeshBuilder.obj
 0001:0000c0e0       ??$?_UG@@YAPEAX_KV?$ReflectionAllocator@G@shdfnd@physx@@PEBDH@Z 000000018000d0e0 f i TriangleMeshBuilder.obj
 0001:0000c180       ??$sort@UEdgeTriLookup@physx@@U?$Less@UEdgeTriLookup@physx@@@shdfnd@2@V?$ReflectionAllocator@UEdgeTriLookup@physx@@@42@@shdfnd@physx@@YAXPEAUEdgeTriLookup@1@IAEBU?$Less@UEdgeTriLookup@physx@@@01@AEBV?$ReflectionAllocator@UEdgeTriLookup@physx@@@01@I@Z 000000018000d180 f i TriangleMeshBuilder.obj
 0001:0000c700       ??0BV4TriangleMeshBuilder@physx@@QEAA@AEBUPxCookingParams@1@@Z 000000018000d700 f   TriangleMeshBuilder.obj
 0001:0000c7d0       ??0RTreeTriangleMeshBuilder@physx@@QEAA@AEBUPxCookingParams@1@@Z 000000018000d7d0 f   TriangleMeshBuilder.obj
 0001:0000c890       ??1BV4TriangleMeshBuilder@physx@@UEAA@XZ 000000018000d890 f   TriangleMeshBuilder.obj
 0001:0000c8f0       ??1MeshDataBase@Gu@physx@@UEAA@XZ 000000018000d8f0 f i TriangleMeshBuilder.obj
 0001:0000c9d0       ??1RTreeTriangleData@Gu@physx@@UEAA@XZ 000000018000d9d0 f i TriangleMeshBuilder.obj
 0001:0000ca40       ??1RTreeTriangleMeshBuilder@physx@@UEAA@XZ 000000018000da40 f   TriangleMeshBuilder.obj
 0001:0000ca70       ??1TriangleMeshBuilder@physx@@UEAA@XZ 000000018000da70 f   TriangleMeshBuilder.obj
 0001:0000cad0       ??1TriangleMeshData@Gu@physx@@UEAA@XZ 000000018000dad0 f i TriangleMeshBuilder.obj
 0001:0000cba0       ??_EBV4TriangleData@Gu@physx@@UEAAPEAXI@Z 000000018000dba0 f i TriangleMeshBuilder.obj
 0001:0000cba0       ??_GBV4TriangleData@Gu@physx@@UEAAPEAXI@Z 000000018000dba0 f i TriangleMeshBuilder.obj
 0001:0000cc20       ??_EBV4TriangleMeshBuilder@physx@@UEAAPEAXI@Z 000000018000dc20 f i TriangleMeshBuilder.obj
 0001:0000cc20       ??_GBV4TriangleMeshBuilder@physx@@UEAAPEAXI@Z 000000018000dc20 f i TriangleMeshBuilder.obj
 0001:0000cca0       ??_EMeshDataBase@Gu@physx@@UEAAPEAXI@Z 000000018000dca0 f i TriangleMeshBuilder.obj
 0001:0000cca0       ??_GMeshDataBase@Gu@physx@@UEAAPEAXI@Z 000000018000dca0 f i TriangleMeshBuilder.obj
 0001:0000cd00       ??_ERTreeCookerRemap@physx@@UEAAPEAXI@Z 000000018000dd00 f i TriangleMeshBuilder.obj
 0001:0000cd00       ??_GRTreeCookerRemap@physx@@UEAAPEAXI@Z 000000018000dd00 f i TriangleMeshBuilder.obj
 0001:0000cd30       ??_ERTreeTriangleData@Gu@physx@@UEAAPEAXI@Z 000000018000dd30 f i TriangleMeshBuilder.obj
 0001:0000cd30       ??_GRTreeTriangleData@Gu@physx@@UEAAPEAXI@Z 000000018000dd30 f i TriangleMeshBuilder.obj
 0001:0000cd90       ??_ERTreeTriangleMeshBuilder@physx@@UEAAPEAXI@Z 000000018000dd90 f i TriangleMeshBuilder.obj
 0001:0000cd90       ??_GRTreeTriangleMeshBuilder@physx@@UEAAPEAXI@Z 000000018000dd90 f i TriangleMeshBuilder.obj
 0001:0000cde0       ??_ERemapCallback@RTreeCooker@physx@@UEAAPEAXI@Z 000000018000dde0 f i TriangleMeshBuilder.obj
 0001:0000cde0       ??_GRemapCallback@RTreeCooker@physx@@UEAAPEAXI@Z 000000018000dde0 f i TriangleMeshBuilder.obj
 0001:0000ce10       ??_ETriangleMeshBuilder@physx@@UEAAPEAXI@Z 000000018000de10 f i TriangleMeshBuilder.obj
 0001:0000ce10       ??_GTriangleMeshBuilder@physx@@UEAAPEAXI@Z 000000018000de10 f i TriangleMeshBuilder.obj
 0001:0000ce50       ??_ETriangleMeshData@Gu@physx@@UEAAPEAXI@Z 000000018000de50 f i TriangleMeshBuilder.obj
 0001:0000ce50       ??_GTriangleMeshData@Gu@physx@@UEAAPEAXI@Z 000000018000de50 f i TriangleMeshBuilder.obj
 0001:0000ceb0       ?allocateTriangles@TriangleMeshData@Gu@physx@@QEAAPEAXI_NI@Z 000000018000deb0 f i TriangleMeshBuilder.obj
 0001:0000cf90       ?allocateVertices@MeshDataBase@Gu@physx@@QEAAPEAVPxVec3@3@I@Z 000000018000df90 f i TriangleMeshBuilder.obj
 0001:0000d4b0       ?checkMeshIndicesSize@TriangleMeshBuilder@physx@@QEAAXXZ 000000018000e4b0 f   TriangleMeshBuilder.obj
 0001:0000d5c0       ?cleanMesh@TriangleMeshBuilder@physx@@QEAA_N_NPEAW4Enum@PxTriangleMeshCookingResult@2@@Z 000000018000e5c0 f   TriangleMeshBuilder.obj
 0001:0000dae0       ?createGRBMidPhaseAndData@TriangleMeshBuilder@physx@@QEAAXI@Z 000000018000eae0 f   TriangleMeshBuilder.obj
 0001:0000dd60       ?createMidPhaseStructure@BV32TriangleMeshBuilder@physx@@SAXAEBUPxCookingParams@2@AEAVTriangleMeshData@Gu@2@AEAVBV32Tree@52@@Z 000000018000ed60 f   TriangleMeshBuilder.obj
 0001:0000df40       ?createMidPhaseStructure@BV4TriangleMeshBuilder@physx@@UEAAXXZ 000000018000ef40 f   TriangleMeshBuilder.obj
 0001:0000e200       ?createMidPhaseStructure@RTreeTriangleMeshBuilder@physx@@UEAAXXZ 000000018000f200 f   TriangleMeshBuilder.obj
 0001:0000e2e0       ?createSharedEdgeData@TriangleMeshBuilder@physx@@QEAAX_N0@Z 000000018000f2e0 f   TriangleMeshBuilder.obj
 0001:0000e980       ?getMidphaseID@BV4TriangleMeshBuilder@physx@@UEBA?AW4Enum@PxMeshMidPhase@2@XZ 000000018000f980 f i TriangleMeshBuilder.obj
 0001:0000e980       ?length@charNode@@UEBAHXZ  000000018000f980 f i libvcruntime:undname.obj
 0001:0000e980       ?raw_length@charNode@@UEBAHXZ 000000018000f980 f i libvcruntime:undname.obj
 0001:0000e980       DllMain                    000000018000f980 f i LIBCMT:dll_dllmain_stub.obj
 0001:0000e980       _get_startup_argv_mode     000000018000f980 f i LIBCMT:argv_mode.obj
 0001:0000e990       ?getMidphaseID@RTreeTriangleMeshBuilder@physx@@UEBA?AW4Enum@PxMeshMidPhase@2@XZ 000000018000f990 f i TriangleMeshBuilder.obj
 0001:0000e9a0       ?importMesh@TriangleMeshBuilder@physx@@IEAA_NAEBVPxTriangleMeshDesc@2@AEBUPxCookingParams@2@PEAW4Enum@PxTriangleMeshCookingResult@2@_N@Z 000000018000f9a0 f   TriangleMeshBuilder.obj
 0001:0000ed20       ?loadFromDesc@TriangleMeshBuilder@physx@@QEAA_NAEBVPxTriangleMeshDesc@2@PEAW4Enum@PxTriangleMeshCookingResult@2@_N@Z 000000018000fd20 f   TriangleMeshBuilder.obj
 0001:0000f1a0       ?onMeshIndexFormatChange@BV4TriangleMeshBuilder@physx@@UEAAXXZ 00000001800101a0 f   TriangleMeshBuilder.obj
 0001:0000f1e0       ?remap@RTreeCookerRemap@physx@@UEAAXPEAIII@Z 00000001800101e0 f i TriangleMeshBuilder.obj
 0001:0000f200       ?remapTopology@TriangleMeshBuilder@physx@@QEAAXPEBI@Z 0000000180010200 f   TriangleMeshBuilder.obj
 0001:0000f4f0       ?save@TriangleMeshBuilder@physx@@QEBA_NAEAVPxOutputStream@2@_NAEBUPxCookingParams@2@@Z 00000001800104f0 f   TriangleMeshBuilder.obj
 0001:0000fac0       ?saveMidPhaseStructure@BV4TriangleMeshBuilder@physx@@UEBAXAEAVPxOutputStream@2@_N@Z 0000000180010ac0 f   TriangleMeshBuilder.obj
 0001:0000fc60       ?saveMidPhaseStructure@RTreeTriangleMeshBuilder@physx@@UEBAXAEAVPxOutputStream@2@_N@Z 0000000180010c60 f   TriangleMeshBuilder.obj
 0001:0000fea0       ??0BigConvexDataBuilder@physx@@QEAA@PEBUConvexHullData@Gu@1@PEAVBigConvexData@1@PEBVPxVec3@1@@Z 0000000180010ea0 f   BigConvexDataBuilder.obj
 0001:0000feb0       ??4BigConvexData@physx@@QEAAAEAV01@AEBV01@@Z 0000000180010eb0 f i BigConvexDataBuilder.obj
 0001:0000fed0       ?GetAdjacentVerts@BigConvexData@physx@@QEBAPEBEXZ 0000000180010ed0 f i BigConvexDataBuilder.obj
 0001:0000fee0       ?GetNbNeighbors@BigConvexData@physx@@QEBAGI@Z 0000000180010ee0 f i BigConvexDataBuilder.obj
 0001:0000fee0       ?GetValency@BigConvexData@physx@@QEBAGI@Z 0000000180010ee0 f i BigConvexDataBuilder.obj
 0001:0000fef0       ?GetNbSamples@BigConvexData@physx@@QEBAIXZ 0000000180010ef0 f i BigConvexDataBuilder.obj
 0001:0000ff00       ?GetNbVerts@BigConvexData@physx@@QEBAIXZ 0000000180010f00 f i BigConvexDataBuilder.obj
 0001:0000ff00       ?length@pcharNode@@UEBAHXZ 0000000180010f00 f i libvcruntime:undname.obj
 0001:0000ff00       ?raw_length@pcharNode@@UEBAHXZ 0000000180010f00 f i libvcruntime:undname.obj
 0001:0000ff10       ?GetNeighbors@BigConvexData@physx@@QEBAPEBEI@Z 0000000180010f10 f i BigConvexDataBuilder.obj
 0001:0000ff20       ?GetOffset@BigConvexData@physx@@QEBAGI@Z 0000000180010f20 f i BigConvexDataBuilder.obj
 0001:0000ff30       ?GetSubdiv@BigConvexData@physx@@QEBAIXZ 0000000180010f30 f i BigConvexDataBuilder.obj
 0001:0000ff40       ?computeValencies@BigConvexDataBuilder@physx@@QEAA_NAEBVConvexHullBuilder@2@@Z 0000000180010f40 f   BigConvexDataBuilder.obj
 0001:00010330       ?precompute@BigConvexDataBuilder@physx@@QEAA_NI@Z 0000000180011330 f   BigConvexDataBuilder.obj
 0001:00010f60       ?save@BigConvexDataBuilder@physx@@QEBA_NAEAVPxOutputStream@2@_N@Z 0000000180011f60 f   BigConvexDataBuilder.obj
 0001:00011040       ?saveValencies@BigConvexDataBuilder@physx@@QEBA_NAEAVPxOutputStream@2@_N@Z 0000000180012040 f   BigConvexDataBuilder.obj
 0001:000111e0       ??$?_UE@@YAPEAX_KV?$ReflectionAllocator@E@shdfnd@physx@@PEBDH@Z 00000001800121e0 f i ConvexHullBuilder.obj
 0001:00011280       ??0ConvexHullBuilder@physx@@QEAA@PEAUConvexHullData@Gu@1@_N@Z 0000000180012280 f   ConvexHullBuilder.obj
 0001:000112b0       ??1ConvexHullBuilder@physx@@QEAA@XZ 00000001800122b0 f   ConvexHullBuilder.obj
 0001:000113b0       ?calculateVertexMapTable@ConvexHullBuilder@physx@@QEAA_NI_N@Z 00000001800123b0 f   ConvexHullBuilder.obj
 0001:000115c0       ?checkHullPolygons@ConvexHullBuilder@physx@@QEBA_NXZ 00000001800125c0 f   ConvexHullBuilder.obj
 0001:00011ba0       ?computeGeomCenter@ConvexHullBuilder@physx@@IEBA_NAEAVPxVec3@2@IPEAUHullTriangleData@2@@Z 0000000180012ba0 f   ConvexHullBuilder.obj
 0001:00011e60       ?copy@ConvexHullBuilder@physx@@QEAA_NAEAUConvexHullData@Gu@2@AEAI@Z 0000000180012e60 f   ConvexHullBuilder.obj
 0001:000120d0       ?createEdgeList@ConvexHullBuilder@physx@@QEAA_N_NI@Z 00000001800130d0 f   ConvexHullBuilder.obj
 0001:00012920       ?init@ConvexHullBuilder@physx@@QEAA_NIPEBVPxVec3@2@PEBIIIPEBUPxHullPolygon@2@_NPEAVConvexHullLib@2@@Z 0000000180013920 f   ConvexHullBuilder.obj
 0001:00013260       ?save@ConvexHullBuilder@physx@@QEBA_NAEAVPxOutputStream@2@_N@Z 0000000180014260 f   ConvexHullBuilder.obj
 0001:00013580       ??1ConvexHullLib@physx@@UEAA@XZ 0000000180014580 f   ConvexHullLib.obj
 0001:000135e0       ??_EConvexHullLib@physx@@UEAAPEAXI@Z 00000001800145e0 f i ConvexHullLib.obj
 0001:000135e0       ??_GConvexHullLib@physx@@UEAAPEAXI@Z 00000001800145e0 f i ConvexHullLib.obj
 0001:00013b40       ?cleanupVertices@ConvexHullLib@physx@@IEAA_NIPEBVPxVec3@2@IAEAIPEAV32@AEAV32@3@Z 0000000180014b40 f   ConvexHullLib.obj
 0001:00013fd0       ?shiftAndcleanupVertices@ConvexHullLib@physx@@IEAA_NIPEBVPxVec3@2@IAEAIPEAV32@AEAV32@3@Z 0000000180014fd0 f   ConvexHullLib.obj
 0001:00014480       ?shiftConvexMeshDesc@ConvexHullLib@physx@@IEAAXAEAVPxConvexMeshDesc@2@@Z 0000000180015480 f   ConvexHullLib.obj
 0001:00014540       ?swapLargestFace@ConvexHullLib@physx@@IEAAXAEAVPxConvexMeshDesc@2@@Z 0000000180015540 f   ConvexHullLib.obj
 0001:00014730       ??0Box@Gu@physx@@QEAA@AEBV012@@Z 0000000180015730 f i ConvexHullUtils.obj
 0001:00014730       ??4Box@Gu@physx@@QEAAAEBV012@AEBV012@@Z 0000000180015730 f i ConvexHullUtils.obj
 0001:00014790       ??0Box@Gu@physx@@QEAA@AEBVPxVec3@2@0AEBVPxMat33@2@@Z 0000000180015790 f i ConvexHullUtils.obj
 0001:00014800       ??0ConvexHull@physx@@QEAA@AEBVPxVec3@1@AEBVPxTransform@1@AEBV?$Array@VPxPlane@physx@@V?$ReflectionAllocator@VPxPlane@physx@@@shdfnd@2@@shdfnd@1@@Z 0000000180015800 f   ConvexHullUtils.obj
 0001:00015950       ??0PxQuat@physx@@QEAA@AEBVPxMat33@1@@Z 0000000180016950 f i ConvexHullUtils.obj
 0001:00015b50       ?allocate@?$Array@VHalfEdge@ConvexHull@physx@@V?$ReflectionAllocator@VHalfEdge@ConvexHull@physx@@@shdfnd@3@@shdfnd@physx@@IEAAPEAVHalfEdge@ConvexHull@3@I@Z 0000000180016b50 f i ConvexHullUtils.obj
 0001:00015bf0       ?allocate@?$Array@VPxPlane@physx@@V?$ReflectionAllocator@VPxPlane@physx@@@shdfnd@2@@shdfnd@physx@@IEAAPEAVPxPlane@3@I@Z 0000000180016bf0 f i ConvexHullUtils.obj
 0001:00015c90       ?assertIntact@ConvexHull@physx@@QEBA_NM@Z 0000000180016c90 f   ConvexHullUtils.obj
 0001:00015fb0       ?computeAABBExtent@Box@Gu@physx@@QEBA?AVPxVec3@3@XZ 0000000180016fb0 f i ConvexHullUtils.obj
 0001:00016070       ?computeBoxPoints@Box@Gu@physx@@QEBAXPEIAVPxVec3@3@@Z 0000000180017070 f i ConvexHullUtils.obj
 0001:000160b0       ?computeOBBFromConvex@physx@@YA_NAEBVPxConvexMeshDesc@1@AEAVPxVec3@1@AEAVPxTransform@1@@Z 00000001800170b0 f   ConvexHullUtils.obj
 0001:00016790       ?computeOBBSIMD@local@@YAXIPEBT__m128@@AEAT2@AEBT2@1@Z 0000000180017790 f   ConvexHullUtils.obj
 0001:00016b70       ?convexHullCrop@physx@@YAPEAVConvexHull@1@AEBV21@AEBVPxPlane@1@M@Z 0000000180017b70 f   ConvexHullUtils.obj
 0001:00017960       ?copy@?$Array@VPxPlane@physx@@V?$ReflectionAllocator@VPxPlane@physx@@@shdfnd@2@@shdfnd@physx@@KAXPEAVPxPlane@3@0PEBV43@@Z 0000000180018960 f i ConvexHullUtils.obj
 0001:00017a60       ?findCandidatePlane@ConvexHull@physx@@QEBAHMM@Z 0000000180018a60 f   ConvexHullUtils.obj
 0001:00017eb0       ?getInverse@PxMat33@physx@@QEBA?BV12@XZ 0000000180018eb0 f i ConvexHullUtils.obj
 0001:00018100       ?getTransform@Box@Gu@physx@@QEBA?AVPxTransform@3@XZ 0000000180019100 f i ConvexHullUtils.obj
 0001:00018160       ?growAndPushBack@?$Array@VHalfEdge@ConvexHull@physx@@V?$ReflectionAllocator@VHalfEdge@ConvexHull@physx@@@shdfnd@3@@shdfnd@physx@@IEAAAEAVHalfEdge@ConvexHull@3@AEBV453@@Z 0000000180019160 f i ConvexHullUtils.obj
 0001:00018220       ?growAndPushBack@?$Array@VPxPlane@physx@@V?$ReflectionAllocator@VPxPlane@physx@@@shdfnd@2@@shdfnd@physx@@IEAAAEAVPxPlane@3@AEBV43@@Z 0000000180019220 f i ConvexHullUtils.obj
 0001:000182e0       ?isValid@Box@Gu@physx@@QEBA_NXZ 00000001800192e0 f i ConvexHullUtils.obj
 0001:00018300       ?maxNumVertsPerFace@ConvexHull@physx@@QEBAIXZ 0000000180019300 f   ConvexHullUtils.obj
 0001:00018370       ?recreate@?$Array@VHalfEdge@ConvexHull@physx@@V?$ReflectionAllocator@VHalfEdge@ConvexHull@physx@@@shdfnd@3@@shdfnd@physx@@IEAAXI@Z 0000000180019370 f i ConvexHullUtils.obj
 0001:00018410       ?recreate@?$Array@VPxPlane@physx@@V?$ReflectionAllocator@VPxPlane@physx@@@shdfnd@2@@shdfnd@physx@@IEAAXI@Z 0000000180019410 f i ConvexHullUtils.obj
 0001:000184a0       ?resize@?$Array@VHalfEdge@ConvexHull@physx@@V?$ReflectionAllocator@VHalfEdge@ConvexHull@physx@@@shdfnd@3@@shdfnd@physx@@QEAAXIAEBVHalfEdge@ConvexHull@3@@Z 00000001800194a0 f i ConvexHullUtils.obj
 0001:00018560       ?resize@?$Array@VPxPlane@physx@@V?$ReflectionAllocator@VPxPlane@physx@@@shdfnd@2@@shdfnd@physx@@QEAAXIAEBVPxPlane@3@@Z 0000000180019560 f i ConvexHullUtils.obj
 0001:00018680       ?resize@?$Array@VPxVec3@physx@@V?$ReflectionAllocator@VPxVec3@physx@@@shdfnd@2@@shdfnd@physx@@QEAAXIAEBVPxVec3@3@@Z 0000000180019680 f i ConvexHullUtils.obj
 0001:00018770       ?rotate@Box@Gu@physx@@QEBA?AVPxVec3@3@AEBV43@@Z 0000000180019770 f i ConvexHullUtils.obj
 0001:00018800       ?rotateInv@Box@Gu@physx@@QEBA?AVPxVec3@3@AEBV43@@Z 0000000180019800 f i ConvexHullUtils.obj
 0001:00018890       ?setAxes@Box@Gu@physx@@QEAAXAEBVPxVec3@3@00@Z 0000000180019890 f i ConvexHullUtils.obj
 0001:000188d0       ?setEmpty@Box@Gu@physx@@QEAAXXZ 00000001800198d0 f i ConvexHullUtils.obj
 0001:00018910       ?transform@Box@Gu@physx@@QEBA?AVPxVec3@3@AEBV43@@Z 0000000180019910 f i ConvexHullUtils.obj
 0001:000189b0       ??0ConvexMeshBuilder@physx@@QEAA@_N@Z 00000001800199b0 f   ConvexMeshBuilder.obj
 0001:00018a10       ??1ConvexMeshBuilder@physx@@QEAA@XZ 0000000180019a10 f   ConvexMeshBuilder.obj
 0001:00018e60       ?build@ConvexMeshBuilder@physx@@QEAA_NAEBVPxConvexMeshDesc@2@I_NPEAVConvexHullLib@2@@Z 0000000180019e60 f   ConvexMeshBuilder.obj
 0001:00019170       ?computeHullPolygons@ConvexMeshBuilder@physx@@QEAA_NAEBIPEBVPxVec3@2@0PEBIAEAVPxAllocatorCallback@2@AEAIAEAPEAV32@4AEAPEAI4AEAPEAUPxHullPolygon@2@@Z 000000018001a170 f   ConvexMeshBuilder.obj
 0001:00019390       ?computeMassInfo@ConvexMeshBuilder@physx@@QEAAX_N@Z 000000018001a390 f   ConvexMeshBuilder.obj
 0001:00019760       ?copy@ConvexMeshBuilder@physx@@QEAA_NAEAUConvexHullInitData@Gu@2@@Z 000000018001a760 f   ConvexMeshBuilder.obj
 0001:00019880       ?isFinite@PxVec3@physx@@QEBA_NXZ 000000018001a880 f i ConvexMeshBuilder.obj
 0001:000198e0       ?loadConvexHull@ConvexMeshBuilder@physx@@QEAA_NAEBVPxConvexMeshDesc@2@PEAVConvexHullLib@2@@Z 000000018001a8e0 f   ConvexMeshBuilder.obj
 0001:00019b50       ?save@ConvexMeshBuilder@physx@@QEBA_NAEAVPxOutputStream@2@_N@Z 000000018001ab50 f   ConvexMeshBuilder.obj
 0001:00019d60       ??$copy@V?$ReflectionAllocator@VPair@@@shdfnd@physx@@@?$Array@VPair@@V?$ReflectionAllocator@VPair@@@shdfnd@physx@@@shdfnd@physx@@IEAAXAEBV012@@Z 000000018001ad60 f i ConvexPolygonsBuilder.obj
 0001:00019de0       ??0ConvexPolygonsBuilder@physx@@QEAA@PEAUConvexHullData@Gu@1@_N@Z 000000018001ade0 f   ConvexPolygonsBuilder.obj
 0001:00019e00       ??1ConvexPolygonsBuilder@physx@@QEAA@XZ 000000018001ae00 f   ConvexPolygonsBuilder.obj
 0001:0001a650       ?allocate@?$Array@VPair@@V?$ReflectionAllocator@VPair@@@shdfnd@physx@@@shdfnd@physx@@IEAAPEAVPair@@I@Z 000000018001b650 f i ConvexPolygonsBuilder.obj
 0001:0001ae80       ?computeHullPolygons@ConvexPolygonsBuilder@physx@@QEAA_NAEBIPEBVPxVec3@2@0PEBI@Z 000000018001be80 f   ConvexPolygonsBuilder.obj
 0001:0001c180       ?createPolygonData@ConvexPolygonsBuilder@physx@@AEAA_NXZ 000000018001d180 f   ConvexPolygonsBuilder.obj
 0001:0001cb40       ?createTrianglesFromPolygons@ConvexPolygonsBuilder@physx@@AEAA_NXZ 000000018001db40 f   ConvexPolygonsBuilder.obj
 0001:0001e1a0       ?growAndPushBack@?$Array@VPair@@V?$ReflectionAllocator@VPair@@@shdfnd@physx@@@shdfnd@physx@@IEAAAEAVPair@@AEBV4@@Z 000000018001f1a0 f i ConvexPolygonsBuilder.obj
 0001:0001e270       ??0QuickHull@local@@QEAA@AEBUPxCookingParams@physx@@AEBVPxConvexMeshDesc@3@@Z 000000018001f270 f   QuickHullConvexHullLib.obj
 0001:0001e320       ??0QuickHullConvexHullLib@physx@@QEAA@AEBVPxConvexMeshDesc@1@AEBUPxCookingParams@1@@Z 000000018001f320 f   QuickHullConvexHullLib.obj
 0001:0001e410       ??1?$MemBlock@UQuickHullFace@local@@$00@local@@QEAA@XZ 000000018001f410 f i QuickHullConvexHullLib.obj
 0001:0001e410       ??1?$MemBlock@UQuickHullHalfEdge@local@@$0A@@local@@QEAA@XZ 000000018001f410 f i QuickHullConvexHullLib.obj
 0001:0001e4a0       ??1QuickHull@local@@QEAA@XZ 000000018001f4a0 f   QuickHullConvexHullLib.obj
 0001:0001e5e0       ??_GConvexHull@physx@@QEAAPEAXI@Z 000000018001f5e0 f i QuickHullConvexHullLib.obj
 0001:0001e6c0       ??_EQuickHullConvexHullLib@physx@@UEAAPEAXI@Z 000000018001f6c0 f i QuickHullConvexHullLib.obj
 0001:0001e6c0       ??_GQuickHullConvexHullLib@physx@@UEAAPEAXI@Z 000000018001f6c0 f i QuickHullConvexHullLib.obj
 0001:0001e7c0       ?addPointToHull@QuickHull@local@@IEAA_NPEBUQuickHullVertex@2@AEAUQuickHullFace@2@AEA_N@Z 000000018001f7c0 f   QuickHullConvexHullLib.obj
 0001:0001ea90       ?addSimplex@QuickHull@local@@IEAAXPEAUQuickHullVertex@2@_N@Z 000000018001fa90 f   QuickHullConvexHullLib.obj
 0001:0001ef60       ?allocate@?$Array@PEAUQuickHullFace@local@@V?$ReflectionAllocator@PEAUQuickHullFace@local@@@shdfnd@physx@@@shdfnd@physx@@IEAAPEAPEAUQuickHullFace@local@@I@Z 000000018001ff60 f i QuickHullConvexHullLib.obj
 0001:0001f000       ?allocate@?$Array@PEAUQuickHullHalfEdge@local@@V?$ReflectionAllocator@PEAUQuickHullHalfEdge@local@@@shdfnd@physx@@@shdfnd@physx@@IEAAPEAPEAUQuickHullHalfEdge@local@@I@Z 0000000180020000 f i QuickHullConvexHullLib.obj
 0001:0001f0a0       ?allocate@?$Array@PEAUQuickHullVertex@local@@V?$ReflectionAllocator@PEAUQuickHullVertex@local@@@shdfnd@physx@@@shdfnd@physx@@IEAAPEAPEAUQuickHullVertex@local@@I@Z 00000001800200a0 f i QuickHullConvexHullLib.obj
 0001:0001f140       ?allocate@?$Array@UExpandPoint@local@@V?$ReflectionAllocator@UExpandPoint@local@@@shdfnd@physx@@@shdfnd@physx@@IEAAPEAUExpandPoint@local@@I@Z 0000000180020140 f i QuickHullConvexHullLib.obj
 0001:0001f1e0       ?buildHull@QuickHull@local@@QEAA?AW4Enum@QuickHullResult@2@XZ 00000001800201e0 f   QuickHullConvexHullLib.obj
 0001:0001f3f0       ?calculateHorizon@QuickHull@local@@IEAAXAEBVPxVec3@physx@@PEAUQuickHullHalfEdge@2@AEAUQuickHullFace@2@AEAV?$Array@PEAUQuickHullHalfEdge@local@@V?$ReflectionAllocator@PEAUQuickHullHalfEdge@local@@@shdfnd@physx@@@shdfnd@4@AEAV?$Array@PEAUQuickHullFace@local@@V?$ReflectionAllocator@PEAUQuickHullFace@local@@@shdfnd@physx@@@84@@Z 00000001800203f0 f   QuickHullConvexHullLib.obj
 0001:0001f5a0       ?canMergeFaces@QuickHull@local@@IEAA_NAEBUQuickHullHalfEdge@2@@Z 00000001800205a0 f   QuickHullConvexHullLib.obj
 0001:0001fdd0       ?cleanupForSimplex@QuickHullConvexHullLib@physx@@IEAA_NPEAVPxVec3@2@IPEAUQuickHullVertex@local@@1AEAM2@Z 0000000180020dd0 f   QuickHullConvexHullLib.obj
 0001:000209f0       ?computeMinMaxVerts@QuickHull@local@@IEAAXXZ 00000001800219f0 f   QuickHullConvexHullLib.obj
 0001:00020dc0       ?connectHalfEdges@QuickHullFace@local@@AEAAPEAU12@PEAUQuickHullHalfEdge@2@0@Z 0000000180021dc0 f   QuickHullConvexHullLib.obj
 0001:00021130       ?copy@?$Array@UExpandPoint@local@@V?$ReflectionAllocator@UExpandPoint@local@@@shdfnd@physx@@@shdfnd@physx@@KAXPEAUExpandPoint@local@@0PEBU45@@Z 0000000180022130 f i QuickHullConvexHullLib.obj
 0001:000211e0       ?createConvexHull@QuickHullConvexHullLib@physx@@UEAA?AW4Enum@PxConvexMeshCookingResult@2@XZ 00000001800221e0 f   QuickHullConvexHullLib.obj
 0001:000215e0       ?createEdgeList@QuickHullConvexHullLib@physx@@UEAA_NIPEBEPEAPEAEPEAPEAG2@Z 00000001800225e0 f   QuickHullConvexHullLib.obj
 0001:00021830       ?createTriangle@QuickHull@local@@IEAAPEAUQuickHullFace@2@AEBUQuickHullVertex@2@00@Z 0000000180022830 f   QuickHullConvexHullLib.obj
 0001:00021c10       ?doAdjacentMerge@QuickHull@local@@IEAA_NAEAUQuickHullFace@2@_NAEA_N@Z 0000000180022c10 f   QuickHullConvexHullLib.obj
 0001:00021f60       ?expandHull@QuickHullConvexHullLib@physx@@IEAA?AW4Enum@PxConvexMeshCookingResult@2@XZ 0000000180022f60 f   QuickHullConvexHullLib.obj
 0001:000228a0       ?expandHullOBB@QuickHullConvexHullLib@physx@@IEAA?AW4Enum@PxConvexMeshCookingResult@2@XZ 00000001800238a0 f   QuickHullConvexHullLib.obj
 0001:00022cb0       ?fillConvexMeshDesc@QuickHullConvexHullLib@physx@@UEAAXAEAVPxConvexMeshDesc@2@@Z 0000000180023cb0 f   QuickHullConvexHullLib.obj
 0001:00022d00       ?fillConvexMeshDescFromCroppedHull@QuickHullConvexHullLib@physx@@IEAAXAEAVPxConvexMeshDesc@2@@Z 0000000180023d00 f   QuickHullConvexHullLib.obj
 0001:00022ef0       ?fillConvexMeshDescFromQuickHull@QuickHullConvexHullLib@physx@@IEAAXAEAVPxConvexMeshDesc@2@@Z 0000000180023ef0 f   QuickHullConvexHullLib.obj
 0001:00023260       ?findSimplex@QuickHull@local@@IEAA_NXZ 0000000180024260 f   QuickHullConvexHullLib.obj
 0001:00023f10       ?getFreeItem@?$MemBlock@UQuickHullFace@local@@$00@local@@QEAAPEAUQuickHullFace@2@XZ 0000000180024f10 f i QuickHullConvexHullLib.obj
 0001:00024040       ?getFreeItem@?$MemBlock@UQuickHullHalfEdge@local@@$0A@@local@@QEAAPEAUQuickHullHalfEdge@2@XZ 0000000180025040 f i QuickHullConvexHullLib.obj
 0001:00024110       ?growAndPushBack@?$Array@PEAUQuickHullFace@local@@V?$ReflectionAllocator@PEAUQuickHullFace@local@@@shdfnd@physx@@@shdfnd@physx@@IEAAAEAPEAUQuickHullFace@local@@AEBQEAU45@@Z 0000000180025110 f i QuickHullConvexHullLib.obj
 0001:000241d0       ?growAndPushBack@?$Array@PEAUQuickHullHalfEdge@local@@V?$ReflectionAllocator@PEAUQuickHullHalfEdge@local@@@shdfnd@physx@@@shdfnd@physx@@IEAAAEAPEAUQuickHullHalfEdge@local@@AEBQEAU45@@Z 00000001800251d0 f i QuickHullConvexHullLib.obj
 0001:00024290       ?growAndPushBack@?$Array@PEAUQuickHullVertex@local@@V?$ReflectionAllocator@PEAUQuickHullVertex@local@@@shdfnd@physx@@@shdfnd@physx@@IEAAAEAPEAUQuickHullVertex@local@@AEBQEAU45@@Z 0000000180025290 f i QuickHullConvexHullLib.obj
 0001:00024350       ?growAndPushBack@?$Array@UExpandPoint@local@@V?$ReflectionAllocator@UExpandPoint@local@@@shdfnd@physx@@@shdfnd@physx@@IEAAAEAUExpandPoint@local@@AEBU45@@Z 0000000180025350 f i QuickHullConvexHullLib.obj
 0001:00024450       ?init@?$MemBlock@UQuickHullFace@local@@$00@local@@QEAAXI@Z 0000000180025450 f i QuickHullConvexHullLib.obj
 0001:00024540       ?init@?$MemBlock@UQuickHullHalfEdge@local@@$0A@@local@@QEAAXI@Z 0000000180025540 f i QuickHullConvexHullLib.obj
 0001:000245e0       ?mergeAdjacentFace@QuickHullFace@local@@QEAA_NPEAUQuickHullHalfEdge@2@AEAV?$Array@PEAUQuickHullFace@local@@V?$ReflectionAllocator@PEAUQuickHullFace@local@@@shdfnd@physx@@@shdfnd@physx@@@Z 00000001800255e0 f   QuickHullConvexHullLib.obj
 0001:00024a30       ?nextPointToAdd@QuickHull@local@@IEAAPEAUQuickHullVertex@2@AEAPEAUQuickHullFace@2@@Z 0000000180025a30 f   QuickHullConvexHullLib.obj
 0001:00024bb0       ?parseInputVertices@QuickHull@local@@QEAAXPEBVPxVec3@physx@@I@Z 0000000180025bb0 f   QuickHullConvexHullLib.obj
 0001:00024d30       ?postMergeHull@QuickHull@local@@IEAAXXZ 0000000180025d30 f   QuickHullConvexHullLib.obj
 0001:00024f90       ?preallocate@QuickHull@local@@QEAAXI@Z 0000000180025f90 f   QuickHullConvexHullLib.obj
 0001:000250d0       ?recreate@?$Array@PEAUQuickHullFace@local@@V?$ReflectionAllocator@PEAUQuickHullFace@local@@@shdfnd@physx@@@shdfnd@physx@@IEAAXI@Z 00000001800260d0 f i QuickHullConvexHullLib.obj
 0001:00025170       ?recreate@?$Array@PEAUQuickHullHalfEdge@local@@V?$ReflectionAllocator@PEAUQuickHullHalfEdge@local@@@shdfnd@physx@@@shdfnd@physx@@IEAAXI@Z 0000000180026170 f i QuickHullConvexHullLib.obj
 0001:00025210       ?recreate@?$Array@PEAUQuickHullVertex@local@@V?$ReflectionAllocator@PEAUQuickHullVertex@local@@@shdfnd@physx@@@shdfnd@physx@@IEAAXI@Z 0000000180026210 f i QuickHullConvexHullLib.obj
 0001:000252b0       ?recreate@?$Array@UExpandPoint@local@@V?$ReflectionAllocator@UExpandPoint@local@@@shdfnd@physx@@@shdfnd@physx@@IEAAXI@Z 00000001800262b0 f i QuickHullConvexHullLib.obj
 0001:00025340       ?resolveUnclaimedPoints@QuickHull@local@@IEAAXAEBV?$Array@PEAUQuickHullFace@local@@V?$ReflectionAllocator@PEAUQuickHullFace@local@@@shdfnd@physx@@@shdfnd@physx@@@Z 0000000180026340 f   QuickHullConvexHullLib.obj
 0001:00026040       ?computeVolumeIntegralsEberly@physx@@YA_NAEBVPxConvexMeshDesc@1@MAEAUPxIntegrals@1@AEBVPxVec3@1@@Z 0000000180027040 f   VolumeIntegration.obj
 0001:00026080       ?computeVolumeIntegralsEberlySIMD@physx@@YA_NAEBVPxConvexMeshDesc@1@MAEAUPxIntegrals@1@AEBVPxVec3@1@@Z 0000000180027080 f   VolumeIntegration.obj
 0001:000266d0       ?cookingDelayHook@@YAP6A_JXZIPEAUDelayLoadInfo@@@Z 00000001800276d0 f   WindowsCookingDelayLoadHook.obj
 0001:000267b0       PxSetPhysXCookingDelayLoadHook 00000001800277b0 f   WindowsCookingDelayLoadHook.obj
 0001:000267b8       __imp_load_??0RadixSortBuffered@Cm@physx@@QEAA@XZ 00000001800277b8 f   PhysXCommon_64:PhysXCommon_64.dll
 0001:000267c4       ??0RadixSortBuffered@Cm@physx@@QEAA@XZ 00000001800277c4 f   PhysXCommon_64:PhysXCommon_64.dll
 0001:000267ca       __tailMerge_physxcommon_64_dll 00000001800277ca     PhysXCommon_64:PhysXCommon_64.dll
 0001:00026843       __imp_load_??1RadixSortBuffered@Cm@physx@@UEAA@XZ 0000000180027843 f   PhysXCommon_64:PhysXCommon_64.dll
 0001:0002684f       ??1RadixSortBuffered@Cm@physx@@UEAA@XZ 000000018002784f f   PhysXCommon_64:PhysXCommon_64.dll
 0001:00026855       __imp_load_?Sort@RadixSortBuffered@Cm@physx@@QEAAAEAV123@PEBIIW4RadixHint@23@@Z 0000000180027855 f   PhysXCommon_64:PhysXCommon_64.dll
 0001:00026861       ?Sort@RadixSortBuffered@Cm@physx@@QEAAAEAV123@PEBIIW4RadixHint@23@@Z 0000000180027861 f   PhysXCommon_64:PhysXCommon_64.dll
 0001:00026867       __imp_load_??0HeightField@Gu@physx@@QEAA@PEAVGuMeshFactory@2@@Z 0000000180027867 f   PhysXCommon_64:PhysXCommon_64.dll
 0001:00026873       ??0HeightField@Gu@physx@@QEAA@PEAVGuMeshFactory@2@@Z 0000000180027873 f   PhysXCommon_64:PhysXCommon_64.dll
 0001:00026879       __imp_load_?loadFromDesc@HeightField@Gu@physx@@QEAA_NAEBVPxHeightFieldDesc@3@@Z 0000000180027879 f   PhysXCommon_64:PhysXCommon_64.dll
 0001:00026885       ?loadFromDesc@HeightField@Gu@physx@@QEAA_NAEBVPxHeightFieldDesc@3@@Z 0000000180027885 f   PhysXCommon_64:PhysXCommon_64.dll
 0001:0002688b       __imp_load_?computeCellCoordinates@HeightField@Gu@physx@@QEBAIMMAEAM0@Z 000000018002788b f   PhysXCommon_64:PhysXCommon_64.dll
 0001:00026897       ?computeCellCoordinates@HeightField@Gu@physx@@QEBAIMMAEAM0@Z 0000000180027897 f   PhysXCommon_64:PhysXCommon_64.dll
 0001:0002689d       __imp_load_?releaseMemory@HeightField@Gu@physx@@QEAAXXZ 000000018002789d f   PhysXCommon_64:PhysXCommon_64.dll
 0001:000268a9       ?releaseMemory@HeightField@Gu@physx@@QEAAXXZ 00000001800278a9 f   PhysXCommon_64:PhysXCommon_64.dll
 0001:000268af       __imp_load_??1HeightField@Gu@physx@@UEAA@XZ 00000001800278af f   PhysXCommon_64:PhysXCommon_64.dll
 0001:000268bb       ??1HeightField@Gu@physx@@UEAA@XZ 00000001800278bb f   PhysXCommon_64:PhysXCommon_64.dll
 0001:000268c1       __imp_load_??0NodeAllocator@Gu@physx@@QEAA@XZ 00000001800278c1 f   PhysXCommon_64:PhysXCommon_64.dll
 0001:000268cd       ??0NodeAllocator@Gu@physx@@QEAA@XZ 00000001800278cd f   PhysXCommon_64:PhysXCommon_64.dll
 0001:000268d3       __imp_load_??1NodeAllocator@Gu@physx@@QEAA@XZ 00000001800278d3 f   PhysXCommon_64:PhysXCommon_64.dll
 0001:000268df       ??1NodeAllocator@Gu@physx@@QEAA@XZ 00000001800278df f   PhysXCommon_64:PhysXCommon_64.dll
 0001:000268e5       __imp_load_?release@NodeAllocator@Gu@physx@@QEAAXXZ 00000001800278e5 f   PhysXCommon_64:PhysXCommon_64.dll
 0001:000268f1       ?release@NodeAllocator@Gu@physx@@QEAAXXZ 00000001800278f1 f   PhysXCommon_64:PhysXCommon_64.dll
 0001:000268f7       __imp_load_?buildAABBTree@Gu@physx@@YA_NAEAVAABBTreeBuildParams@12@AEAVNodeAllocator@12@AEAUBuildStats@12@AEAPEAI@Z 00000001800278f7 f   PhysXCommon_64:PhysXCommon_64.dll
 0001:00026903       ?buildAABBTree@Gu@physx@@YA_NAEAVAABBTreeBuildParams@12@AEAVNodeAllocator@12@AEAUBuildStats@12@AEAPEAI@Z 0000000180027903 f   PhysXCommon_64:PhysXCommon_64.dll
 0001:00026909       __imp_load_?writeDword@physx@@YAXI_NAEAVPxOutputStream@1@@Z 0000000180027909 f   PhysXCommon_64:PhysXCommon_64.dll
 0001:00026915       ?writeDword@physx@@YAXI_NAEAVPxOutputStream@1@@Z 0000000180027915 f   PhysXCommon_64:PhysXCommon_64.dll
 0001:0002691b       __imp_load_?writeFloatBuffer@physx@@YAXPEBMI_NAEAVPxOutputStream@1@@Z 000000018002791b f   PhysXCommon_64:PhysXCommon_64.dll
 0001:00026927       ?writeFloatBuffer@physx@@YAXPEBMI_NAEAVPxOutputStream@1@@Z 0000000180027927 f   PhysXCommon_64:PhysXCommon_64.dll
 0001:0002692d       __imp_load_?writeHeader@physx@@YA_NCCCCI_NAEAVPxOutputStream@1@@Z 000000018002792d f   PhysXCommon_64:PhysXCommon_64.dll
 0001:00026939       ?writeHeader@physx@@YA_NCCCCI_NAEAVPxOutputStream@1@@Z 0000000180027939 f   PhysXCommon_64:PhysXCommon_64.dll
 0001:0002693f       __imp_load_?writeWord@physx@@YAXG_NAEAVPxOutputStream@1@@Z 000000018002793f f   PhysXCommon_64:PhysXCommon_64.dll
 0001:0002694b       ?writeWord@physx@@YAXG_NAEAVPxOutputStream@1@@Z 000000018002794b f   PhysXCommon_64:PhysXCommon_64.dll
 0001:00026951       __imp_load_?writeFloat@physx@@YAXM_NAEAVPxOutputStream@1@@Z 0000000180027951 f   PhysXCommon_64:PhysXCommon_64.dll
 0001:0002695d       ?writeFloat@physx@@YAXM_NAEAVPxOutputStream@1@@Z 000000018002795d f   PhysXCommon_64:PhysXCommon_64.dll
 0001:00026963       __imp_load_?computeBoundsAroundVertices@Gu@physx@@YAXAEAVPxBounds3@2@IPEIBVPxVec3@2@@Z 0000000180027963 f   PhysXCommon_64:PhysXCommon_64.dll
 0001:0002696f       ?computeBoundsAroundVertices@Gu@physx@@YAXAEAVPxBounds3@2@IPEIBVPxVec3@2@@Z 000000018002796f f   PhysXCommon_64:PhysXCommon_64.dll
 0001:00026975       __imp_load_??0SourceMesh@Gu@physx@@QEAA@XZ 0000000180027975 f   PhysXCommon_64:PhysXCommon_64.dll
 0001:00026981       ??0SourceMesh@Gu@physx@@QEAA@XZ 0000000180027981 f   PhysXCommon_64:PhysXCommon_64.dll
 0001:00026987       __imp_load_??1SourceMesh@Gu@physx@@QEAA@XZ 0000000180027987 f   PhysXCommon_64:PhysXCommon_64.dll
 0001:00026993       ??1SourceMesh@Gu@physx@@QEAA@XZ 0000000180027993 f   PhysXCommon_64:PhysXCommon_64.dll
 0001:00026999       __imp_load_??0BV4Tree@Gu@physx@@QEAA@XZ 0000000180027999 f   PhysXCommon_64:PhysXCommon_64.dll
 0001:000269a5       ??0BV4Tree@Gu@physx@@QEAA@XZ 00000001800279a5 f   PhysXCommon_64:PhysXCommon_64.dll
 0001:000269ab       __imp_load_??1BV4Tree@Gu@physx@@QEAA@XZ 00000001800279ab f   PhysXCommon_64:PhysXCommon_64.dll
 0001:000269b7       ??1BV4Tree@Gu@physx@@QEAA@XZ 00000001800279b7 f   PhysXCommon_64:PhysXCommon_64.dll
 0001:000269bd       __imp_load_??0BV32Tree@Gu@physx@@QEAA@XZ 00000001800279bd f   PhysXCommon_64:PhysXCommon_64.dll
 0001:000269c9       ??0BV32Tree@Gu@physx@@QEAA@XZ 00000001800279c9 f   PhysXCommon_64:PhysXCommon_64.dll
 0001:000269cf       __imp_load_??1BV32Tree@Gu@physx@@QEAA@XZ 00000001800279cf f   PhysXCommon_64:PhysXCommon_64.dll
 0001:000269db       ??1BV32Tree@Gu@physx@@QEAA@XZ 00000001800279db f   PhysXCommon_64:PhysXCommon_64.dll
 0001:000269e1       __imp_load_?writeWordBuffer@physx@@YAXPEBGI_NAEAVPxOutputStream@1@@Z 00000001800279e1 f   PhysXCommon_64:PhysXCommon_64.dll
 0001:000269ed       ?writeWordBuffer@physx@@YAXPEBGI_NAEAVPxOutputStream@1@@Z 00000001800279ed f   PhysXCommon_64:PhysXCommon_64.dll
 0001:000269f3       __imp_load_?computeMaxIndex@physx@@YAIPEBII@Z 00000001800279f3 f   PhysXCommon_64:PhysXCommon_64.dll
 0001:000269ff       ?computeMaxIndex@physx@@YAIPEBII@Z 00000001800279ff f   PhysXCommon_64:PhysXCommon_64.dll
 0001:00026a05       __imp_load_?storeIndices@physx@@YAXIIPEBIAEAVPxOutputStream@1@_N@Z 0000000180027a05 f   PhysXCommon_64:PhysXCommon_64.dll
 0001:00026a11       ?storeIndices@physx@@YAXIIPEBIAEAVPxOutputStream@1@_N@Z 0000000180027a11 f   PhysXCommon_64:PhysXCommon_64.dll
 0001:00026a17       __imp_load_?BuildBV4Ex@Gu@physx@@YA_NAEAVBV4Tree@12@AEAVSourceMesh@12@MI@Z 0000000180027a17 f   PhysXCommon_64:PhysXCommon_64.dll
 0001:00026a23       ?BuildBV4Ex@Gu@physx@@YA_NAEAVBV4Tree@12@AEAVSourceMesh@12@MI@Z 0000000180027a23 f   PhysXCommon_64:PhysXCommon_64.dll
 0001:00026a29       __imp_load_?BuildBV32Ex@Gu@physx@@YA_NAEAVBV32Tree@12@AEAVSourceMesh@12@MI@Z 0000000180027a29 f   PhysXCommon_64:PhysXCommon_64.dll
 0001:00026a35       ?BuildBV32Ex@Gu@physx@@YA_NAEAVBV32Tree@12@AEAVSourceMesh@12@MI@Z 0000000180027a35 f   PhysXCommon_64:PhysXCommon_64.dll
 0001:00026a3b       __imp_load_?computeMaxIndex@physx@@YAGPEBGI@Z 0000000180027a3b f   PhysXCommon_64:PhysXCommon_64.dll
 0001:00026a47       ?computeMaxIndex@physx@@YAGPEBGI@Z 0000000180027a47 f   PhysXCommon_64:PhysXCommon_64.dll
 0001:00026a4d       __imp_load_?WriteHeader@Gu@physx@@YA_NEEEEI_NAEAVPxOutputStream@2@@Z 0000000180027a4d f   PhysXCommon_64:PhysXCommon_64.dll
 0001:00026a59       ?WriteHeader@Gu@physx@@YA_NEEEEI_NAEAVPxOutputStream@2@@Z 0000000180027a59 f   PhysXCommon_64:PhysXCommon_64.dll
 0001:00026a5f       __imp_load_?StoreIndices@Gu@physx@@YAXGIPEBGAEAVPxOutputStream@2@_N@Z 0000000180027a5f f   PhysXCommon_64:PhysXCommon_64.dll
 0001:00026a6b       ?StoreIndices@Gu@physx@@YAXGIPEBGAEAVPxOutputStream@2@_N@Z 0000000180027a6b f   PhysXCommon_64:PhysXCommon_64.dll
 0001:00026a71       __imp_load_?CreateOffsets@BigConvexData@physx@@IEAAXXZ 0000000180027a71 f   PhysXCommon_64:PhysXCommon_64.dll
 0001:00026a7d       ?CreateOffsets@BigConvexData@physx@@IEAAXXZ 0000000180027a7d f   PhysXCommon_64:PhysXCommon_64.dll
 0001:00026a83       __imp_load_?computeOBBPoints@Gu@physx@@YAXPEIAVPxVec3@2@AEBV32@1111@Z 0000000180027a83 f   PhysXCommon_64:PhysXCommon_64.dll
 0001:00026a8f       ?computeOBBPoints@Gu@physx@@YAXPEIAVPxVec3@2@AEBV32@1111@Z 0000000180027a8f f   PhysXCommon_64:PhysXCommon_64.dll
 0001:00026a95       __imp_load_??0BigConvexData@physx@@QEAA@XZ 0000000180027a95 f   PhysXCommon_64:PhysXCommon_64.dll
 0001:00026aa1       ??0BigConvexData@physx@@QEAA@XZ 0000000180027aa1 f   PhysXCommon_64:PhysXCommon_64.dll
 0001:00026aa7       __imp_load_??1BigConvexData@physx@@QEAA@XZ 0000000180027aa7 f   PhysXCommon_64:PhysXCommon_64.dll
 0001:00026ab3       ??1BigConvexData@physx@@QEAA@XZ 0000000180027ab3 f   PhysXCommon_64:PhysXCommon_64.dll
 0001:00026ab9       __imp_load_PxGetFoundation 0000000180027ab9 f   PhysXFoundation_64:PhysXFoundation_64.dll
 0001:00026ac5       PxGetFoundation            0000000180027ac5 f   PhysXFoundation_64:PhysXFoundation_64.dll
 0001:00026acb       __tailMerge_physxfoundation_64_dll 0000000180027acb     PhysXFoundation_64:PhysXFoundation_64.dll
 0001:00026b44       __imp_load_?getAllocator@shdfnd@physx@@YAAEAVPxAllocatorCallback@2@XZ 0000000180027b44 f   PhysXFoundation_64:PhysXFoundation_64.dll
 0001:00026b50       ?getAllocator@shdfnd@physx@@YAAEAVPxAllocatorCallback@2@XZ 0000000180027b50 f   PhysXFoundation_64:PhysXFoundation_64.dll
 0001:00026b56       __imp_load_?getInstance@Foundation@shdfnd@physx@@SAAEAV123@XZ 0000000180027b56 f   PhysXFoundation_64:PhysXFoundation_64.dll
 0001:00026b62       ?getInstance@Foundation@shdfnd@physx@@SAAEAV123@XZ 0000000180027b62 f   PhysXFoundation_64:PhysXFoundation_64.dll
 0001:00026b68       __imp_load_?error@Foundation@shdfnd@physx@@QEAAXW4Enum@PxErrorCode@3@PEBDH1ZZ 0000000180027b68 f   PhysXFoundation_64:PhysXFoundation_64.dll
 0001:00026b74       ?error@Foundation@shdfnd@physx@@QEAAXW4Enum@PxErrorCode@3@PEBDH1ZZ 0000000180027b74 f   PhysXFoundation_64:PhysXFoundation_64.dll
 0001:00026b7a       __imp_load_?incRefCount@Foundation@shdfnd@physx@@SAXXZ 0000000180027b7a f   PhysXFoundation_64:PhysXFoundation_64.dll
 0001:00026b86       ?incRefCount@Foundation@shdfnd@physx@@SAXXZ 0000000180027b86 f   PhysXFoundation_64:PhysXFoundation_64.dll
 0001:00026b8c       __imp_load_?decRefCount@Foundation@shdfnd@physx@@SAXXZ 0000000180027b8c f   PhysXFoundation_64:PhysXFoundation_64.dll
 0001:00026b98       ?decRefCount@Foundation@shdfnd@physx@@SAXXZ 0000000180027b98 f   PhysXFoundation_64:PhysXFoundation_64.dll
 0001:00026b9e       __imp_load_??0FPUGuard@shdfnd@physx@@QEAA@XZ 0000000180027b9e f   PhysXFoundation_64:PhysXFoundation_64.dll
 0001:00026baa       ??0FPUGuard@shdfnd@physx@@QEAA@XZ 0000000180027baa f   PhysXFoundation_64:PhysXFoundation_64.dll
 0001:00026bb0       __imp_load_??1FPUGuard@shdfnd@physx@@QEAA@XZ 0000000180027bb0 f   PhysXFoundation_64:PhysXFoundation_64.dll
 0001:00026bbc       ??1FPUGuard@shdfnd@physx@@QEAA@XZ 0000000180027bbc f   PhysXFoundation_64:PhysXFoundation_64.dll
 0001:00026bc2       __imp_load_?allocate@TempAllocator@shdfnd@physx@@QEAAPEAX_KPEBDH@Z 0000000180027bc2 f   PhysXFoundation_64:PhysXFoundation_64.dll
 0001:00026bce       ?allocate@TempAllocator@shdfnd@physx@@QEAAPEAX_KPEBDH@Z 0000000180027bce f   PhysXFoundation_64:PhysXFoundation_64.dll
 0001:00026bd4       __imp_load_?deallocate@TempAllocator@shdfnd@physx@@QEAAXPEAX@Z 0000000180027bd4 f   PhysXFoundation_64:PhysXFoundation_64.dll
 0001:00026be0       ?deallocate@TempAllocator@shdfnd@physx@@QEAAXPEAX@Z 0000000180027be0 f   PhysXFoundation_64:PhysXFoundation_64.dll
 0001:00026be6       __imp_load_?PxDiagonalize@physx@@YA?AVPxVec3@1@AEBVPxMat33@1@AEAVPxQuat@1@@Z 0000000180027be6 f   PhysXFoundation_64:PhysXFoundation_64.dll
 0001:00026bf2       ?PxDiagonalize@physx@@YA?AVPxVec3@1@AEBVPxMat33@1@AEAVPxQuat@1@@Z 0000000180027bf2 f   PhysXFoundation_64:PhysXFoundation_64.dll
 0001:00026bf8       ?DloadAcquireSectionWriteAccess@@YAXXZ 0000000180027bf8 f i Delayimp:delayhlp.obj
 0001:00026ca4       ?DloadGetSRWLockFunctionPointers@@YAEXZ 0000000180027ca4 f i Delayimp:delayhlp.obj
 0001:00026d44       ?DloadMakePermanentImageCommit@@YAXPEAX_K@Z 0000000180027d44 f i Delayimp:delayhlp.obj
 0001:00026ddc       ?DloadObtainSection@@YAPEAXPEAK0@Z 0000000180027ddc f i Delayimp:delayhlp.obj
 0001:00026e78       ?DloadProtectSection@@YAXKPEAK@Z 0000000180027e78 f i Delayimp:delayhlp.obj
 0001:00026f08       ?DloadReleaseSectionWriteAccess@@YAXXZ 0000000180027f08 f i Delayimp:delayhlp.obj
 0001:00026f9c       __delayLoadHelper2         0000000180027f9c f   Delayimp:delayhlp.obj
 0001:00027274       ??3@YAXPEAX_K@Z            0000000180028274 f   LIBCMT:delete_scalar_size.obj
 0001:00027274       ??_V@YAXPEAX@Z             0000000180028274 f   LIBCMT:delete_array.obj
 0001:0002727c       ??_Etype_info@@UEAAPEAXI@Z 000000018002827c f i LIBCMT:std_type_info_static.obj
 0001:0002727c       ??_Gtype_info@@UEAAPEAXI@Z 000000018002827c f i LIBCMT:std_type_info_static.obj
 0001:000272a8       ?__scrt_initialize_type_info@@YAXXZ 00000001800282a8 f   LIBCMT:tncleanup.obj
 0001:000272b8       ?__scrt_uninitialize_type_info@@YAXXZ 00000001800282b8 f   LIBCMT:tncleanup.obj
 0001:000272e0       __chkstk                   00000001800282e0 f   LIBCMT:chkstk.obj
 0001:000272e0       _alloca_probe              00000001800282e0 f   LIBCMT:chkstk.obj
 0001:00027330       ??3@YAXPEAX@Z              0000000180028330 f   LIBCMT:delete_scalar.obj
 0001:00027340       __vdecl_sinf4              0000000180028340 f   LIBCMT:svml_ssinf4_dispatch.obj
 0001:00027360       __libm_sse2_sincosf_       0000000180028360 f   LIBCMT:svml_ssinf4_dispatch.obj
 0001:000273a3       __libm_sse2_sincosf4_      00000001800283a3 f   LIBCMT:svml_ssinf4_dispatch.obj
 0001:000276d0       _DllMainCRTStartup         00000001800286d0 f   LIBCMT:dll_dllmain.obj
 0001:00027710       __isa_available_init       0000000180028710 f   LIBCMT:cpu_disp.obj
 0001:000278c0       __sse2_sinf4@@16           00000001800288c0 f   LIBCMT:svml_ssinf4_sse2.obj
 0001:00028200       __sse4_sinf4@@16           0000000180029200 f   LIBCMT:svml_ssinf4_sse4.obj
 0001:00028974       __security_init_cookie     0000000180029974 f   LIBCMT:gs_support.obj
 0001:00028a20       __local_stdio_printf_options 0000000180029a20 f i LIBCMT:default_local_stdio_options.obj
 0001:00028a28       __local_stdio_scanf_options 0000000180029a28 f i LIBCMT:default_local_stdio_options.obj
 0001:00028a30       __scrt_initialize_default_local_stdio_options 0000000180029a30 f   LIBCMT:default_local_stdio_options.obj
 0001:00028a4c       __scrt_acquire_startup_lock 0000000180029a4c f   LIBCMT:utility.obj
 0001:00028a88       __scrt_dllmain_after_initialize_c 0000000180029a88 f   LIBCMT:utility.obj
 0001:00028abc       __scrt_dllmain_before_initialize_c 0000000180029abc f   LIBCMT:utility.obj
 0001:00028ad4       __scrt_dllmain_crt_thread_attach 0000000180029ad4 f   LIBCMT:utility.obj
 0001:00028afc       __scrt_dllmain_crt_thread_detach 0000000180029afc f   LIBCMT:utility.obj
 0001:00028b14       __scrt_dllmain_exception_filter 0000000180029b14 f   LIBCMT:utility.obj
 0001:00028b74       __scrt_dllmain_uninitialize_c 0000000180029b74 f   LIBCMT:utility.obj
 0001:00028ba4       __scrt_dllmain_uninitialize_critical 0000000180029ba4 f   LIBCMT:utility.obj
 0001:00028bb8       __scrt_initialize_crt      0000000180029bb8 f   LIBCMT:utility.obj
 0001:00028c04       __scrt_initialize_onexit_tables 0000000180029c04 f   LIBCMT:utility.obj
 0001:00028c90       __scrt_is_nonwritable_in_current_image 0000000180029c90 f   LIBCMT:utility.obj
 0001:00028d28       __scrt_release_startup_lock 0000000180029d28 f   LIBCMT:utility.obj
 0001:00028d4c       __scrt_uninitialize_crt    0000000180029d4c f   LIBCMT:utility.obj
 0001:00028d78       __scrt_get_dyn_tls_init_callback 0000000180029d78 f   LIBCMT:dyn_tls_init.obj
 0001:00028d80       __crt_debugger_hook        0000000180029d80 f   LIBCMT:utility_desktop.obj
 0001:00028d88       __scrt_fastfail            0000000180029d88 f   LIBCMT:utility_desktop.obj
 0001:00028ed4       _RTC_Initialize            0000000180029ed4 f   LIBCMT:initsect.obj
 0001:00028f10       _RTC_Terminate             0000000180029f10 f   LIBCMT:initsect.obj
 0001:00028f50       __common_ssin_cout_rare    0000000180029f50 f   LIBCMT:svml_s_sin_cout.obj
 0001:00028fc0       __scrt_is_ucrt_dll_in_use  0000000180029fc0 f   LIBCMT:ucrt_detection.obj
 0001:00028fcc       _get_purecall_handler      0000000180029fcc f   libvcruntime:purevirt.obj
 0001:00028fd8       _purecall                  0000000180029fd8 f   libvcruntime:purevirt.obj
 0001:00028ffc       __std_type_info_compare    0000000180029ffc f   libvcruntime:std_type_info.obj
 0001:00029024       __std_type_info_destroy_list 000000018002a024 f   libvcruntime:std_type_info.obj
 0001:00029050       __std_type_info_name       000000018002a050 f   libvcruntime:std_type_info.obj
 0001:00029180       memset_repstos             000000018002a180 f   libvcruntime:memset.obj
 0001:000291a0       memset                     000000018002a1a0 f   libvcruntime:memset.obj
 0001:00029540       memcpy_repmovs             000000018002a540 f   libvcruntime:memcpy.obj
 0001:00029560       memcpy                     000000018002a560 f   libvcruntime:memcpy.obj
 0001:00029560       memmove                    000000018002a560 f   libvcruntime:memcpy.obj
 0001:00029bd8       strstr                     000000018002abd8 f   libvcruntime:strstr.obj
 0001:00029dd0       __C_specific_handler       000000018002add0 f   libvcruntime:riscchandler.obj
 0001:00029fc8       __vcrt_initialize          000000018002afc8 f   libvcruntime:initialization.obj
 0001:00029ff0       __vcrt_thread_attach       000000018002aff0 f   libvcruntime:initialization.obj
 0001:0002a004       __vcrt_thread_detach       000000018002b004 f   libvcruntime:initialization.obj
 0001:0002a018       __vcrt_uninitialize        000000018002b018 f   libvcruntime:initialization.obj
 0001:0002a034       __vcrt_uninitialize_critical 000000018002b034 f   libvcruntime:initialization.obj
 0001:0002a044       __DestructExceptionObject  000000018002b044 f   libvcruntime:ehhelpers.obj
 0001:0002a0b4       ?_CallMemberFunction0@@YAXQEAX0@Z 000000018002b0b4 f i libvcruntime:ehhelpers.obj
 0001:0002a0b8       _IsExceptionObjectToBeDestroyed 000000018002b0b8 f   libvcruntime:ehhelpers.obj
 0001:0002a0e8       __AdjustPointer            000000018002b0e8 f   libvcruntime:ehhelpers.obj
 0001:0002a10c       __FrameUnwindFilter        000000018002b10c f   libvcruntime:ehhelpers.obj
 0001:0002a174       ??$?0$00@DName@@QEAA@PEBDU?$StringLifeSelector@$00@@@Z 000000018002b174 f i libvcruntime:undname.obj
 0001:0002a1b4       ??$?0$01@DName@@QEAA@PEBDU?$StringLifeSelector@$01@@@Z 000000018002b1b4 f i libvcruntime:undname.obj
 0001:0002a1b4       ??$?0$0A@@DName@@QEAA@PEBDU?$StringLifeSelector@$0A@@@@Z 000000018002b1b4 f i libvcruntime:undname.obj
 0001:0002a1f4       ??$?0$01@pcharNode@@QEAA@PEBDHU?$StringLifeSelector@$01@@@Z 000000018002b1f4 f i libvcruntime:undname.obj
 0001:0002a1f4       ??$?0$0A@@pcharNode@@QEAA@PEBDHU?$StringLifeSelector@$0A@@@@Z 000000018002b1f4 f i libvcruntime:undname.obj
 0001:0002a268       ??$append@VDNameNode@@@DName@@AEAAXPEBVDNameNode@@@Z 000000018002b268 f i libvcruntime:undname.obj
 0001:0002a268       ??$append@VDNameStatusNode@@@DName@@AEAAXPEBVDNameStatusNode@@@Z 000000018002b268 f i libvcruntime:undname.obj
 0001:0002a268       ??$append@VcharNode@@@DName@@AEAAXPEBVcharNode@@@Z 000000018002b268 f i libvcruntime:undname.obj
 0001:0002a268       ??$append@VpcharNode@@@DName@@AEAAXPEBVpcharNode@@@Z 000000018002b268 f i libvcruntime:undname.obj
 0001:0002a2cc       ??$doPchar@$00@DName@@AEAAXPEBDH@Z 000000018002b2cc f i libvcruntime:undname.obj
 0001:0002a370       ??$doPchar@$01@DName@@AEAAXPEBDH@Z 000000018002b370 f i libvcruntime:undname.obj
 0001:0002a370       ??$doPchar@$0A@@DName@@AEAAXPEBDH@Z 000000018002b370 f i libvcruntime:undname.obj
 0001:0002a408       ??0DName@@QEAA@AEAPEBDD@Z  000000018002b408 f   libvcruntime:undname.obj
 0001:0002a4b8       ??0DName@@QEAA@AEBUStringLiteral@@@Z 000000018002b4b8 f   libvcruntime:undname.obj
 0001:0002a4e4       ??0DName@@QEAA@PEAV0@@Z    000000018002b4e4 f   libvcruntime:undname.obj
 0001:0002a568       ??0DName@@QEAA@_J@Z        000000018002b568 f   libvcruntime:undname.obj
 0001:0002a610       ??0DName@@QEAA@_K@Z        000000018002b610 f   libvcruntime:undname.obj
 0001:0002a6a0       ??2@YAPEAX_KAEAV_HeapManager@@H@Z 000000018002b6a0 f   libvcruntime:undname.obj
 0001:0002a6cc       ??4DName@@QEAAAEAV0@W4DNameStatus@@@Z 000000018002b6cc f   libvcruntime:undname.obj
 0001:0002a6fc       ??AReplicator@@QEBA?AVDName@@H@Z 000000018002b6fc f   libvcruntime:undname.obj
 0001:0002a73c       ??HDName@@QEBA?AV0@AEBUStringLiteral@@@Z 000000018002b73c f   libvcruntime:undname.obj
 0001:0002a768       ??HDName@@QEBA?AV0@AEBV0@@Z 000000018002b768 f   libvcruntime:undname.obj
 0001:0002a794       ??HDName@@QEBA?AV0@D@Z     000000018002b794 f   libvcruntime:undname.obj
 0001:0002a7c0       ??HDName@@QEBA?AV0@W4DNameStatus@@@Z 000000018002b7c0 f   libvcruntime:undname.obj
 0001:0002a7ec       ??YDName@@QEAAAEAV0@AEBUStringLiteral@@@Z 000000018002b7ec f   libvcruntime:undname.obj
 0001:0002a86c       ??YDName@@QEAAAEAV0@AEBV0@@Z 000000018002b86c f   libvcruntime:undname.obj
 0001:0002a8c4       ??YDName@@QEAAAEAV0@D@Z    000000018002b8c4 f   libvcruntime:undname.obj
 0001:0002a930       ??YDName@@QEAAAEAV0@W4DNameStatus@@@Z 000000018002b930 f   libvcruntime:undname.obj
 0001:0002a988       ??YReplicator@@QEAAAEAV0@AEBVDName@@@Z 000000018002b988 f   libvcruntime:undname.obj
 0001:0002a9e0       ?UScore@UnDecorator@@SA?AUStringLiteral@@W4Tokens@@@Z 000000018002b9e0 f   libvcruntime:undname.obj
 0001:0002aa2c       ?composeDeclaration@UnDecorator@@CA?AVDName@@AEBV2@@Z 000000018002ba2c f i libvcruntime:undname.obj
[...]
 0002:000122bc       $N00052                    00000001800582bc     PhysXCooking_64.exp
 0002:000122e5       $N00053                    00000001800582e5     PhysXCooking_64.exp
 0002:00012314       $N00054                    0000000180058314     PhysXCooking_64.exp
 0002:0001233d       $N00055                    000000018005833d     PhysXCooking_64.exp
 0002:00012366       $N00056                    0000000180058366     PhysXCooking_64.exp
 0002:00012394       $N00057                    0000000180058394     PhysXCooking_64.exp
 0002:000123bc       $N00058                    00000001800583bc     PhysXCooking_64.exp
 0002:000123f7       $N00059                    00000001800583f7     PhysXCooking_64.exp
 0002:00012421       $N00060                    0000000180058421     PhysXCooking_64.exp
 0002:00012455       $N00061                    0000000180058455     PhysXCooking_64.exp
 0002:0001248b       $N00062                    000000018005848b     PhysXCooking_64.exp
 0002:000124c7       $N00063                    00000001800584c7     PhysXCooking_64.exp
 0002:0001250f       $N00064                    000000018005850f     PhysXCooking_64.exp
 0002:0001255f       $N00065                    000000018005855f     PhysXCooking_64.exp
 0002:00012593       $N00066                    0000000180058593     PhysXCooking_64.exp
 0002:000125c8       $N00067                    00000001800585c8     PhysXCooking_64.exp
 0002:000125fe       $N00068                    00000001800585fe     PhysXCooking_64.exp
 0002:00012625       $N00069                    0000000180058625     PhysXCooking_64.exp
 0002:0001266d       $N00070                    000000018005866d     PhysXCooking_64.exp
 0002:000126b3       $N00071                    00000001800586b3     PhysXCooking_64.exp
 0002:0001270b       $N00072                    000000018005870b     PhysXCooking_64.exp
 0002:00012752       $N00073                    0000000180058752     PhysXCooking_64.exp
 0002:0001277d       $N00074                    000000018005877d     PhysXCooking_64.exp
 0002:000127ad       $N00075                    00000001800587ad     PhysXCooking_64.exp
 0002:000127fd       $N00076                    00000001800587fd     PhysXCooking_64.exp
 0002:000128ac       $N00077                    00000001800588ac     PhysXCooking_64.exp
 0002:0001290a       $N00078                    000000018005890a     PhysXCooking_64.exp
 0002:00012936       $N00079                    0000000180058936     PhysXCooking_64.exp
 0002:00012962       $N00080                    0000000180058962     PhysXCooking_64.exp
 0002:00012997       $N00081                    0000000180058997     PhysXCooking_64.exp
 0002:000129c0       $N00082                    00000001800589c0     PhysXCooking_64.exp
 0002:000129fc       $N00083                    00000001800589fc     PhysXCooking_64.exp
 0002:00012a28       $N00084                    0000000180058a28     PhysXCooking_64.exp
 0002:00012a5b       $N00085                    0000000180058a5b     PhysXCooking_64.exp
 0002:00012aa8       $N00086                    0000000180058aa8     PhysXCooking_64.exp
 0002:00012adb       $N00087                    0000000180058adb     PhysXCooking_64.exp
 0002:00012b15       $N00088                    0000000180058b15     PhysXCooking_64.exp
 0002:00012b4f       $N00089                    0000000180058b4f     PhysXCooking_64.exp
 0002:00012b8b       $N00090                    0000000180058b8b     PhysXCooking_64.exp
 0002:00012bcf       $N00091                    0000000180058bcf     PhysXCooking_64.exp
 0002:00012bfe       $N00092                    0000000180058bfe     PhysXCooking_64.exp
 0002:00012c78       $N00093                    0000000180058c78     PhysXCooking_64.exp
 0002:00012cd5       $N00094                    0000000180058cd5     PhysXCooking_64.exp
 0002:00012d01       $N00095                    0000000180058d01     PhysXCooking_64.exp
 0002:00012d35       $N00096                    0000000180058d35     PhysXCooking_64.exp
 0002:00012d6e       $N00097                    0000000180058d6e     PhysXCooking_64.exp
 0002:00012dab       $N00098                    0000000180058dab     PhysXCooking_64.exp
 0002:00012de1       $N00099                    0000000180058de1     PhysXCooking_64.exp
 0002:00012e0e       $N00100                    0000000180058e0e     PhysXCooking_64.exp
 0002:00012e3b       $N00101                    0000000180058e3b     PhysXCooking_64.exp
 0002:00012e66       $N00102                    0000000180058e66     PhysXCooking_64.exp
 0002:00012e92       $N00103                    0000000180058e92     PhysXCooking_64.exp
 0002:00012ebf       $N00104                    0000000180058ebf     PhysXCooking_64.exp
 0002:00012edf       $N00105                    0000000180058edf     PhysXCooking_64.exp
 0002:00012f1b       $N00106                    0000000180058f1b     PhysXCooking_64.exp
 0002:00012f4c       $N00107                    0000000180058f4c     PhysXCooking_64.exp
 0002:00012f7e       $N00108                    0000000180058f7e     PhysXCooking_64.exp
 0002:00012fc0       $N00109                    0000000180058fc0     PhysXCooking_64.exp
 0002:00012fed       $N00110                    0000000180058fed     PhysXCooking_64.exp
 0002:00013011       $N00111                    0000000180059011     PhysXCooking_64.exp
 0002:00013041       $N00112                    0000000180059041     PhysXCooking_64.exp
 0002:00013074       $N00113                    0000000180059074     PhysXCooking_64.exp
 0002:00013099       $N00114                    0000000180059099     PhysXCooking_64.exp
 0002:000130c7       $N00115                    00000001800590c7     PhysXCooking_64.exp
 0002:000130ef       $N00116                    00000001800590ef     PhysXCooking_64.exp
 0002:0001310f       $N00117                    000000018005910f     PhysXCooking_64.exp
 0002:00013154       $N00118                    0000000180059154     PhysXCooking_64.exp
 0002:00013191       $N00119                    0000000180059191     PhysXCooking_64.exp
 0002:000131ce       $N00120                    00000001800591ce     PhysXCooking_64.exp
 0002:00013201       $N00121                    0000000180059201     PhysXCooking_64.exp
 0002:00013211       $N00122                    0000000180059211     PhysXCooking_64.exp
 0002:000134c0       .idata$6                   00000001800594c0     kernel32:KERNEL32.dll
 0003:00000000       ?MAXDOT_MINANG@local@@3MB  000000018005a000     ConvexHullUtils.obj
 0003:00000004       ?MAXDOT_MINANG@local@@3MB  000000018005a004     QuickHullConvexHullLib.obj
 0003:00000060       ?prefix@?1??getDimension@UnDecorator@@CA?AVDName@@_N@Z@4UStringLiteral@@A 000000018005a060     libvcruntime:undname.obj
 0003:00000070       ?__vcrt_flsindex@@3KA      000000018005a070     libvcruntime:per_thread_data.obj
 0003:00000090       ?dazSupported@?1??_ctrlfp@@9@9 000000018005a090     libucrt:fpctrl.obj
 0003:000000a0       ?__acrt_flsindex@@3KA      000000018005a0a0     libucrt:per_thread_data.obj
 0003:000000a4       ?errno_no_memory@@3HA      000000018005a0a4     libucrt:errno.obj
 0003:000000a8       ?doserrno_no_memory@@3KA   000000018005a0a8     libucrt:errno.obj
 0003:000002e0       _mbctypes                  000000018005a2e0     libucrt:mbctype.obj
 0003:000003f0       _mbcasemaps                000000018005a3f0     libucrt:mbctype.obj
 0003:000004f0       ?__rgctypeflag@@3PADA      000000018005a4f0     libucrt:mbctype.obj
 0003:00000500       ?__rgcode_page_info@@3PAUcode_page_info@@A 000000018005a500     libucrt:mbctype.obj
 0003:00000a20       ?__dcrt_lowio_console_output_handle@@3PEAXEA 000000018005aa20     libucrt:initcon.obj
 0003:00000a28       ?dazSupported@?1??common_control87@@9@9 000000018005aa28     libucrt:ieee.obj
 0003:00001290       ?maxV3Error@_VecMathTests@aos@shdfnd@physx@@3T__m128@@B 000000018005b290     Cooking.obj
 0003:000012a0       ?minFError@_VecMathTests@aos@shdfnd@physx@@3T__m128@@B 000000018005b2a0     Cooking.obj
 0003:000012b0       ?maxV4Error@_VecMathTests@aos@shdfnd@physx@@3T__m128@@B 000000018005b2b0     Cooking.obj
 0003:000012c0       ?minV4Error@_VecMathTests@aos@shdfnd@physx@@3T__m128@@B 000000018005b2c0     Cooking.obj
 0003:000012d0       ?minV3Error@_VecMathTests@aos@shdfnd@physx@@3T__m128@@B 000000018005b2d0     Cooking.obj
 0003:000012e0       ?maxFError@_VecMathTests@aos@shdfnd@physx@@3T__m128@@B 000000018005b2e0     Cooking.obj
 0003:000012f0       ?maxV3Error@_VecMathTests@aos@shdfnd@physx@@3T__m128@@B 000000018005b2f0     BVHStructureBuilder.obj
 0003:00001300       ?minFError@_VecMathTests@aos@shdfnd@physx@@3T__m128@@B 000000018005b300     BVHStructureBuilder.obj
 0003:00001310       ?maxV4Error@_VecMathTests@aos@shdfnd@physx@@3T__m128@@B 000000018005b310     BVHStructureBuilder.obj
 0003:00001320       ?minV4Error@_VecMathTests@aos@shdfnd@physx@@3T__m128@@B 000000018005b320     BVHStructureBuilder.obj
 0003:00001330       ?minV3Error@_VecMathTests@aos@shdfnd@physx@@3T__m128@@B 000000018005b330     BVHStructureBuilder.obj
 0003:00001340       ?maxFError@_VecMathTests@aos@shdfnd@physx@@3T__m128@@B 000000018005b340     BVHStructureBuilder.obj
 0003:00001350       ?maxV3Error@_VecMathTests@aos@shdfnd@physx@@3T__m128@@B 000000018005b350     RTreeCooking.obj
 0003:00001360       ?minFError@_VecMathTests@aos@shdfnd@physx@@3T__m128@@B 000000018005b360     RTreeCooking.obj
 0003:00001370       ?maxV4Error@_VecMathTests@aos@shdfnd@physx@@3T__m128@@B 000000018005b370     RTreeCooking.obj
 0003:00001380       ?minV4Error@_VecMathTests@aos@shdfnd@physx@@3T__m128@@B 000000018005b380     RTreeCooking.obj
 0003:00001390       ?minV3Error@_VecMathTests@aos@shdfnd@physx@@3T__m128@@B 000000018005b390     RTreeCooking.obj
 0003:000013a0       ?maxFError@_VecMathTests@aos@shdfnd@physx@@3T__m128@@B 000000018005b3a0     RTreeCooking.obj
 0003:000013b0       ?maxV3Error@_VecMathTests@aos@shdfnd@physx@@3T__m128@@B 000000018005b3b0     MeshBuilder.obj
 0003:000013c0       ?minFError@_VecMathTests@aos@shdfnd@physx@@3T__m128@@B 000000018005b3c0     MeshBuilder.obj
 0003:000013d0       ?maxV4Error@_VecMathTests@aos@shdfnd@physx@@3T__m128@@B 000000018005b3d0     MeshBuilder.obj
 0003:000013e0       ?minV4Error@_VecMathTests@aos@shdfnd@physx@@3T__m128@@B 000000018005b3e0     MeshBuilder.obj
 0003:000013f0       ?minV3Error@_VecMathTests@aos@shdfnd@physx@@3T__m128@@B 000000018005b3f0     MeshBuilder.obj
 0003:00001400       ?maxFError@_VecMathTests@aos@shdfnd@physx@@3T__m128@@B 000000018005b400     MeshBuilder.obj
 0003:00001410       ?maxV3Error@_VecMathTests@aos@shdfnd@physx@@3T__m128@@B 000000018005b410     TriangleMeshBuilder.obj
 0003:00001420       ?minFError@_VecMathTests@aos@shdfnd@physx@@3T__m128@@B 000000018005b420     TriangleMeshBuilder.obj
 0003:00001430       ?maxV4Error@_VecMathTests@aos@shdfnd@physx@@3T__m128@@B 000000018005b430     TriangleMeshBuilder.obj
 0003:00001440       ?minV4Error@_VecMathTests@aos@shdfnd@physx@@3T__m128@@B 000000018005b440     TriangleMeshBuilder.obj
 0003:00001450       ?minV3Error@_VecMathTests@aos@shdfnd@physx@@3T__m128@@B 000000018005b450     TriangleMeshBuilder.obj
 0003:00001460       ?maxFError@_VecMathTests@aos@shdfnd@physx@@3T__m128@@B 000000018005b460     TriangleMeshBuilder.obj
 0003:00001470       ?maxV3Error@_VecMathTests@aos@shdfnd@physx@@3T__m128@@B 000000018005b470     BigConvexDataBuilder.obj
 0003:00001480       ?minFError@_VecMathTests@aos@shdfnd@physx@@3T__m128@@B 000000018005b480     BigConvexDataBuilder.obj
 0003:00001490       ?maxV4Error@_VecMathTests@aos@shdfnd@physx@@3T__m128@@B 000000018005b490     BigConvexDataBuilder.obj
 0003:000014a0       ?minV4Error@_VecMathTests@aos@shdfnd@physx@@3T__m128@@B 000000018005b4a0     BigConvexDataBuilder.obj
 0003:000014b0       ?minV3Error@_VecMathTests@aos@shdfnd@physx@@3T__m128@@B 000000018005b4b0     BigConvexDataBuilder.obj
 0003:000014c0       ?maxFError@_VecMathTests@aos@shdfnd@physx@@3T__m128@@B 000000018005b4c0     BigConvexDataBuilder.obj
 0003:000014d0       ?maxV3Error@_VecMathTests@aos@shdfnd@physx@@3T__m128@@B 000000018005b4d0     ConvexHullBuilder.obj
 0003:000014e0       ?minFError@_VecMathTests@aos@shdfnd@physx@@3T__m128@@B 000000018005b4e0     ConvexHullBuilder.obj
 0003:000014f0       ?maxV4Error@_VecMathTests@aos@shdfnd@physx@@3T__m128@@B 000000018005b4f0     ConvexHullBuilder.obj
 0003:00001500       ?minV4Error@_VecMathTests@aos@shdfnd@physx@@3T__m128@@B 000000018005b500     ConvexHullBuilder.obj
 0003:00001510       ?minV3Error@_VecMathTests@aos@shdfnd@physx@@3T__m128@@B 000000018005b510     ConvexHullBuilder.obj
 0003:00001520       ?maxFError@_VecMathTests@aos@shdfnd@physx@@3T__m128@@B 000000018005b520     ConvexHullBuilder.obj
 0003:00001530       ?maxV3Error@_VecMathTests@aos@shdfnd@physx@@3T__m128@@B 000000018005b530     ConvexHullUtils.obj
 0003:00001540       ?minFError@_VecMathTests@aos@shdfnd@physx@@3T__m128@@B 000000018005b540     ConvexHullUtils.obj
 0003:00001550       ?maxV4Error@_VecMathTests@aos@shdfnd@physx@@3T__m128@@B 000000018005b550     ConvexHullUtils.obj
 0003:00001560       ?minV4Error@_VecMathTests@aos@shdfnd@physx@@3T__m128@@B 000000018005b560     ConvexHullUtils.obj
 0003:00001570       ?minV3Error@_VecMathTests@aos@shdfnd@physx@@3T__m128@@B 000000018005b570     ConvexHullUtils.obj
 0003:00001580       ?maxFError@_VecMathTests@aos@shdfnd@physx@@3T__m128@@B 000000018005b580     ConvexHullUtils.obj
 0003:00001590       ?maxV3Error@_VecMathTests@aos@shdfnd@physx@@3T__m128@@B 000000018005b590     ConvexMeshBuilder.obj
 0003:000015a0       ?minFError@_VecMathTests@aos@shdfnd@physx@@3T__m128@@B 000000018005b5a0     ConvexMeshBuilder.obj
 0003:000015b0       ?maxV4Error@_VecMathTests@aos@shdfnd@physx@@3T__m128@@B 000000018005b5b0     ConvexMeshBuilder.obj
 0003:000015c0       ?minV4Error@_VecMathTests@aos@shdfnd@physx@@3T__m128@@B 000000018005b5c0     ConvexMeshBuilder.obj
 0003:000015d0       ?minV3Error@_VecMathTests@aos@shdfnd@physx@@3T__m128@@B 000000018005b5d0     ConvexMeshBuilder.obj
 0003:000015e0       ?maxFError@_VecMathTests@aos@shdfnd@physx@@3T__m128@@B 000000018005b5e0     ConvexMeshBuilder.obj
 0003:000015f0       ?maxV3Error@_VecMathTests@aos@shdfnd@physx@@3T__m128@@B 000000018005b5f0     VolumeIntegration.obj
 0003:00001600       ?minFError@_VecMathTests@aos@shdfnd@physx@@3T__m128@@B 000000018005b600     VolumeIntegration.obj
 0003:00001610       ?maxV4Error@_VecMathTests@aos@shdfnd@physx@@3T__m128@@B 000000018005b610     VolumeIntegration.obj
 0003:00001620       ?minV4Error@_VecMathTests@aos@shdfnd@physx@@3T__m128@@B 000000018005b620     VolumeIntegration.obj
 0003:00001630       ?minV3Error@_VecMathTests@aos@shdfnd@physx@@3T__m128@@B 000000018005b630     VolumeIntegration.obj
 0003:00001640       ?maxFError@_VecMathTests@aos@shdfnd@physx@@3T__m128@@B 000000018005b640     VolumeIntegration.obj
 0003:00001650       ?gCookingDelayLoadHook@@3PEBVPxDelayLoadHook@physx@@EB 000000018005b650     WindowsCookingDelayLoadHook.obj
 0003:000016b0       ?__proc_attached@@3HA      000000018005b6b0     LIBCMT:dll_dllmain.obj
 0003:000016d8       ?is_initialized_as_dll@@3_NA 000000018005b6d8     LIBCMT:utility.obj
 0003:000016d9       ?module_local_atexit_table_initialized@@3_NA 000000018005b6d9     LIBCMT:utility.obj
 0003:000016e0       ?module_local_atexit_table@@3U_onexit_table_t@@A 000000018005b6e0     LIBCMT:utility.obj
 0003:000016f8       ?module_local_at_quick_exit_table@@3U_onexit_table_t@@A 000000018005b6f8     LIBCMT:utility.obj
 0003:00001768       ?heap@@3V_HeapManager@@A   000000018005b768     libvcruntime:undname.obj
 0003:00001790       ?__vcrt_startup_thread_ptd@@3U__vcrt_ptd@@A 000000018005b790     libvcruntime:per_thread_data.obj
 0003:00001810       __vcrt_lock_table          000000018005b810     libvcruntime:locks.obj
 0003:00001838       __vcrt_locks_initialized   000000018005b838     libvcruntime:locks.obj
 0003:00001840       ?module_handles@@3PAPEAUHINSTANCE__@@A 000000018005b840     libvcruntime:winapi_downlevel.obj
 0003:00001858       ?function_pointers@@3PAPEAXA 000000018005b858     libvcruntime:winapi_downlevel.obj
 0003:00001880       ?c_termination_complete@@3JA 000000018005b880     libucrt:exit.obj
 0003:00001888       ?thread_local_exit_callback_func@@3P6AXPEAXK0@ZEA 000000018005b888     libucrt:exit.obj
 0003:000018a0       ?program_name@?1???$common_configure_argv@D@@YAHW4_crt_argv_mode@@@Z@4PADA 000000018005b8a0     libucrt:argv_parsing.obj
 0003:00001a00       ?__acrt_lock_table@@3PAU_RTL_CRITICAL_SECTION@@A 000000018005ba00     libucrt:locks.obj
 0003:00001c30       ?__acrt_locks_initialized@@3IA 000000018005bc30     libucrt:locks.obj
 0003:00001c38       ?__acrt_invalid_parameter_handler@@3V?$dual_state_global@P6AXPEB_W00I_K@Z@__crt_state_management@@A 000000018005bc38     libucrt:invalid_parameter.obj
 0003:00001c58       ?fSystemSet@@3HA           000000018005bc58     libucrt:mbctype.obj
 0003:00001c5c       ?initialized@?1??__acrt_initialize_multibyte@@9@4_NA 000000018005bc5c     libucrt:mbctype.obj
 0003:00001c90       ?module_handles@@3PAPEAUHINSTANCE__@@A 000000018005bc90     libucrt:winapi_thunks.obj
 0003:00001d30       ?encoded_function_pointers@@3PAPEAXA 000000018005bd30     libucrt:winapi_thunks.obj
 0003:00002258       ?__acrt_new_handler@@3V?$dual_state_global@P6AH_K@Z@__crt_state_management@@A 000000018005c258     libucrt:new_handler.obj
 0003:00002260       ?ctrlc_action@@3V?$dual_state_global@P6AXH@Z@__crt_state_management@@A 000000018005c260     libucrt:signal.obj
 0003:00002268       ?ctrlbreak_action@@3V?$dual_state_global@P6AXH@Z@__crt_state_management@@A 000000018005c268     libucrt:signal.obj
 0003:00002270       ?abort_action@@3V?$dual_state_global@P6AXH@Z@__crt_state_management@@A 000000018005c270     libucrt:signal.obj
 0003:00002278       ?term_action@@3V?$dual_state_global@P6AXH@Z@__crt_state_management@@A 000000018005c278     libucrt:signal.obj
 0003:00002280       ?user_matherr@@3V?$dual_state_global@P6AHPEAU_exception@@@Z@__crt_state_management@@A 000000018005c280     libucrt:matherr.obj
 0003:000022b0       ?internal_state@?1??_mbtowc_l@@9@4U_Mbstatet@@A 000000018005c2b0     libucrt:mbtowc.obj
 0003:000022b8       ?enable_percent_n@@3_KA    000000018005c2b8     libucrt:printf_count_output.obj
 0003:000022c4       ?__acrt_global_new_mode@@3V?$dual_state_global@J@__crt_state_management@@A 000000018005c2c4     libucrt:new_mode.obj
 0003:000022d0       ?__acrt_app_type@@3W4_crt_app_type@@A 000000018005c2d0     libucrt:report_runtime_error.obj
 0003:000022d8       ?internal_pst@?1??__mbrtoc32_utf8@__crt_mbstring@@YA_KPEA_UPEBD_KPEAU_Mbstatet@@@Z@4U3@A 000000018005c2d8     libucrt:mbrtoc32.obj
 0003:000022e0       GS_ExceptionRecord         000000018005c2e0     LIBCMT:gs_report.obj
 0003:00002380       GS_ContextRecord           000000018005c380     LIBCMT:gs_report.obj
 0005:00000000       _2il0floatpacket$19        0000000180061000     LIBCMT:svml_ssinf4_sse2.obj
 0005:00002200       _vmlsSinHATab              0000000180063200     LIBCMT:svml_s_sin_cout.obj
 0005:00002210       SetSmall                   0000000180063210     libvcruntime:memset.obj
 0005:00002250       SetSmallYmm                0000000180063250     libvcruntime:memset.obj
 0005:00002274       SetSmallYmmNT              0000000180063274     libvcruntime:memset.obj
 0005:00002298       SetSmallXmm                0000000180063298     libvcruntime:memset.obj
 0005:000022c0       MoveSmall                  00000001800632c0     libvcruntime:memcpy.obj
 0005:00002300       MoveSmallYmm               0000000180063300     libvcruntime:memcpy.obj
 0005:00002324       MoveSmallYmmNT             0000000180063324     libvcruntime:memcpy.obj
 0005:00002348       MoveSmallXmm               0000000180063348     libvcruntime:memcpy.obj
 0006:000000a0       $R000000                   00000001800640a0     PhysXCooking.res
 0006:000003d0       $R000330                   00000001800643d0     PhysXCooking.res
